Warp CUDA error: Failed to get driver entry point 'cuDriverGetVersion' (CUDA error 100)
Warp CUDA warning: Unable to determine CUDA driver version
Warp CUDA error: Failed to get driver entry point 'cuGetErrorString' (CUDA error 100)
Warp CUDA error: Failed to get driver entry point 'cuGetErrorName' (CUDA error 100)
Warp CUDA error: Failed to get driver entry point 'cuInit' (CUDA error 100)
Warp CUDA error: Failed to get driver entry point 'cuDeviceGet' (CUDA error 100)
Warp CUDA error: Failed to get driver entry point 'cuDeviceGetCount' (CUDA error 100)
Warp CUDA error: Failed to get driver entry point 'cuDeviceGetName' (CUDA error 100)
Warp CUDA error: Failed to get driver entry point 'cuDeviceGetAttribute' (CUDA error 100)
Warp CUDA error: Failed to get driver entry point 'cuDeviceGetUuid' (CUDA error 100)
Warp CUDA error: Failed to get driver entry point 'cuDevicePrimaryCtxRetain' (CUDA error 100)
Warp CUDA error: Failed to get driver entry point 'cuDevicePrimaryCtxRelease' (CUDA error 100)
Warp CUDA error: Failed to get driver entry point 'cuDeviceCanAccessPeer' (CUDA error 100)
Warp CUDA error: Failed to get driver entry point 'cuMemGetInfo' (CUDA error 100)
Warp CUDA error: Failed to get driver entry point 'cuCtxSetCurrent' (CUDA error 100)
Warp CUDA error: Failed to get driver entry point 'cuCtxGetCurrent' (CUDA error 100)
Warp CUDA error: Failed to get driver entry point 'cuCtxPushCurrent' (CUDA error 100)
Warp CUDA error: Failed to get driver entry point 'cuCtxPopCurrent' (CUDA error 100)
Warp CUDA error: Failed to get driver entry point 'cuCtxSynchronize' (CUDA error 100)
Warp CUDA error: Failed to get driver entry point 'cuCtxGetDevice' (CUDA error 100)
Warp CUDA error: Failed to get driver entry point 'cuCtxCreate' (CUDA error 100)
Warp CUDA error: Failed to get driver entry point 'cuCtxDestroy' (CUDA error 100)
Warp CUDA error: Failed to get driver entry point 'cuCtxEnablePeerAccess' (CUDA error 100)
Warp CUDA error: Failed to get driver entry point 'cuCtxDisablePeerAccess' (CUDA error 100)
Warp CUDA error: Failed to get driver entry point 'cuStreamCreate' (CUDA error 100)
Warp CUDA error: Failed to get driver entry point 'cuStreamDestroy' (CUDA error 100)
Warp CUDA error: Failed to get driver entry point 'cuStreamQuery' (CUDA error 100)
Warp CUDA error: Failed to get driver entry point 'cuStreamSynchronize' (CUDA error 100)
Warp CUDA error: Failed to get driver entry point 'cuStreamWaitEvent' (CUDA error 100)
Warp CUDA error: Failed to get driver entry point 'cuStreamGetCtx' (CUDA error 100)
Warp CUDA error: Failed to get driver entry point 'cuStreamGetCaptureInfo' (CUDA error 100)
Warp CUDA error: Failed to get driver entry point 'cuStreamUpdateCaptureDependencies' (CUDA error 100)
Warp CUDA error: Failed to get driver entry point 'cuStreamCreateWithPriority' (CUDA error 100)
Warp CUDA error: Failed to get driver entry point 'cuStreamGetPriority' (CUDA error 100)
Warp CUDA error: Failed to get driver entry point 'cuEventCreate' (CUDA error 100)
Warp CUDA error: Failed to get driver entry point 'cuEventDestroy' (CUDA error 100)
Warp CUDA error: Failed to get driver entry point 'cuEventQuery' (CUDA error 100)
Warp CUDA error: Failed to get driver entry point 'cuEventRecord' (CUDA error 100)
Warp CUDA error: Failed to get driver entry point 'cuEventRecordWithFlags' (CUDA error 100)
Warp CUDA error: Failed to get driver entry point 'cuEventSynchronize' (CUDA error 100)
Warp CUDA error: Failed to get driver entry point 'cuGraphNodeGetDependentNodes' (CUDA error 100)
Warp CUDA error: Failed to get driver entry point 'cuGraphNodeGetType' (CUDA error 100)
Warp CUDA error: Failed to get driver entry point 'cuModuleLoadDataEx' (CUDA error 100)
Warp CUDA error: Failed to get driver entry point 'cuModuleUnload' (CUDA error 100)
Warp CUDA error: Failed to get driver entry point 'cuModuleGetFunction' (CUDA error 100)
Warp CUDA error: Failed to get driver entry point 'cuLaunchKernel' (CUDA error 100)
Warp CUDA error: Failed to get driver entry point 'cuOccupancyMaxPotentialBlockSize' (CUDA error 100)
Warp CUDA error: Failed to get driver entry point 'cuOccupancyMaxActiveClusters' (CUDA error 100)
Warp CUDA error: Failed to get driver entry point 'cuMemcpyPeerAsync' (CUDA error 100)
Warp CUDA error: Failed to get driver entry point 'cuPointerGetAttribute' (CUDA error 100)
Warp CUDA error: Failed to get driver entry point 'cuGraphicsMapResources' (CUDA error 100)
Warp CUDA error: Failed to get driver entry point 'cuGraphicsUnmapResources' (CUDA error 100)
Warp CUDA error: Failed to get driver entry point 'cuGraphicsResourceGetMappedPointer' (CUDA error 100)
Warp CUDA error: Failed to get driver entry point 'cuGraphicsGLRegisterBuffer' (CUDA error 100)
Warp CUDA error: Failed to get driver entry point 'cuGraphicsGLRegisterImage' (CUDA error 100)
Warp CUDA error: Failed to get driver entry point 'cuGraphicsSubResourceGetMappedArray' (CUDA error 100)
Warp CUDA error: Failed to get driver entry point 'cuGraphicsUnregisterResource' (CUDA error 100)
Warp CUDA error: Failed to get driver entry point 'cuModuleGetGlobal' (CUDA error 100)
Warp CUDA error: Failed to get driver entry point 'cuFuncSetAttribute' (CUDA error 100)
Warp CUDA error: Failed to get driver entry point 'cuFuncGetAttribute' (CUDA error 100)
Warp CUDA error: Failed to get driver entry point 'cuIpcGetEventHandle' (CUDA error 100)
Warp CUDA error: Failed to get driver entry point 'cuIpcOpenEventHandle' (CUDA error 100)
Warp CUDA error: Failed to get driver entry point 'cuIpcGetMemHandle' (CUDA error 100)
Warp CUDA error: Failed to get driver entry point 'cuIpcOpenMemHandle' (CUDA error 100)
Warp CUDA error: Failed to get driver entry point 'cuIpcCloseMemHandle' (CUDA error 100)
Warp CUDA error: Failed to get driver entry point 'cuProfilerStart' (CUDA error 100)
Warp CUDA error: Failed to get driver entry point 'cuProfilerStop' (CUDA error 100)
Warp CUDA error: Failed to get driver entry point 'cuArrayCreate' (CUDA error 100)
Warp CUDA error: Failed to get driver entry point 'cuArrayDestroy' (CUDA error 100)
Warp CUDA error: Failed to get driver entry point 'cuArray3DCreate' (CUDA error 100)
Warp CUDA error: Failed to get driver entry point 'cuArray3DGetDescriptor' (CUDA error 100)
Warp CUDA error: Failed to get driver entry point 'cuMemcpy2D' (CUDA error 100)
Warp CUDA error: Failed to get driver entry point 'cuMemcpy2DAsync' (CUDA error 100)
Warp CUDA error: Failed to get driver entry point 'cuMemcpy3D' (CUDA error 100)
Warp CUDA error: Failed to get driver entry point 'cuMemcpy3DAsync' (CUDA error 100)
Warp CUDA error: Failed to get driver entry point 'cuTexObjectCreate' (CUDA error 100)
Warp CUDA error: Failed to get driver entry point 'cuTexObjectDestroy' (CUDA error 100)
Warp CUDA error: Failed to get driver entry point 'cuMipmappedArrayCreate' (CUDA error 100)
Warp CUDA error: Failed to get driver entry point 'cuMipmappedArrayDestroy' (CUDA error 100)
Warp CUDA error: Failed to get driver entry point 'cuMipmappedArrayGetLevel' (CUDA error 100)
Warp UserWarning: Kernel cache artifacts from a previous Warp version were found in '<workspace>/code/outputs/warp-cache'. These will be ignored. You can safely delete them.
Warp 1.17.0 initialized:
   CUDA Toolkit 12.9, CUDA driver not available (NVRTC compilation available)
   Devices:
     "cpu"      : "x86_64"
   Kernel cache:
     <workspace>/code/outputs/warp-cache/1.17.0
Traceback (most recent call last):
  File "<workspace>/code/wind3dgs/evaluation/teacher_p3_shell_gpu.py", line 154, in _worker
    if not device.is_cuda:raise ValueError('이 검사는 실제 CUDA device가 필요합니다. CPU로 대체하지 않습니다')
                          ^^^^^^^^^^^^^^^^^^^^^^^^^^^^^^^^^^^^^^^^^^^^^^^^^^^^^^^^^^^^^^^^^^^^^^^^^^^^^^^^^^^^
ValueError: 이 검사는 실제 CUDA device가 필요합니다. CPU로 대체하지 않습니다
