Warp UserWarning: Kernel cache artifacts from a previous Warp version were found in '<workspace>/code/outputs/warp-cache'. These will be ignored. You can safely delete them.
Warp 1.17.0 initialized:
   CUDA Toolkit 12.9, Driver 13.0
   Devices:
     "cpu"      : "x86_64"
     "cuda:0"   : "NVIDIA GeForce GTX 1080 Ti" (11 GiB, sm_61, mempool enabled)
   Kernel cache:
     <workspace>/code/outputs/warp-cache/1.17.0
Module wind3dgs.teacher.p3_shell_warp_kernels 5484a0d load on device 'cuda:0' took 1.80 ms  (cached)
랜덤 바람 전진: mesh16 / sub256 / reset42 / frame43/90
랜덤 바람 전진: mesh16 / sub256 / reset42 / frame44/90
랜덤 바람 전진: mesh16 / sub256 / reset42 / frame45/90
랜덤 바람 전진: mesh16 / sub256 / reset42 / frame46/90
랜덤 바람 전진: mesh16 / sub256 / reset42 / frame47/90
랜덤 바람 전진: mesh16 / sub256 / reset42 / frame48/90
랜덤 바람 전진: mesh16 / sub256 / reset42 / frame49/90
랜덤 바람 전진: mesh16 / sub256 / reset42 / frame50/90
랜덤 바람 전진: mesh16 / sub256 / reset42 / frame51/90
랜덤 바람 전진: mesh16 / sub256 / reset42 / frame52/90
랜덤 바람 전진: mesh16 / sub256 / reset42 / frame53/90
랜덤 바람 전진: mesh16 / sub256 / reset42 / frame54/90
랜덤 바람 전진: mesh16 / sub256 / reset42 / frame55/90
랜덤 바람 전진: mesh16 / sub256 / reset42 / frame56/90
랜덤 바람 전진: mesh16 / sub256 / reset42 / frame57/90
랜덤 바람 전진: mesh16 / sub256 / reset42 / frame58/90
랜덤 바람 전진: mesh16 / sub256 / reset42 / frame59/90
랜덤 바람 전진: mesh16 / sub256 / reset42 / frame60/90
랜덤 바람 전진: mesh16 / sub256 / reset42 / frame61/90
랜덤 바람 전진: mesh16 / sub256 / reset42 / frame62/90
랜덤 바람 전진: mesh16 / sub256 / reset42 / frame63/90
랜덤 바람 전진: mesh16 / sub256 / reset42 / frame64/90
랜덤 바람 전진: mesh16 / sub256 / reset42 / frame65/90
랜덤 바람 전진: mesh16 / sub256 / reset42 / frame66/90
랜덤 바람 전진: mesh16 / sub256 / reset42 / frame67/90
랜덤 바람 전진: mesh16 / sub256 / reset42 / frame68/90
랜덤 바람 전진: mesh16 / sub256 / reset42 / frame69/90
랜덤 바람 전진: mesh16 / sub256 / reset42 / frame70/90
랜덤 바람 전진: mesh16 / sub256 / reset42 / frame71/90
랜덤 바람 전진: mesh16 / sub256 / reset42 / frame72/90
랜덤 바람 전진: mesh16 / sub256 / reset42 / frame73/90
랜덤 바람 전진: mesh16 / sub256 / reset42 / frame74/90
랜덤 바람 전진: mesh16 / sub256 / reset42 / frame75/90
랜덤 바람 전진: mesh16 / sub256 / reset42 / frame76/90
랜덤 바람 전진: mesh16 / sub256 / reset42 / frame77/90
랜덤 바람 전진: mesh16 / sub256 / reset42 / frame78/90
랜덤 바람 전진: mesh16 / sub256 / reset42 / frame79/90
랜덤 바람 전진: mesh16 / sub256 / reset42 / frame80/90
랜덤 바람 전진: mesh16 / sub256 / reset42 / frame81/90
랜덤 바람 전진: mesh16 / sub256 / reset42 / frame82/90
랜덤 바람 전진: mesh16 / sub256 / reset42 / frame83/90
랜덤 바람 전진: mesh16 / sub256 / reset42 / frame84/90
랜덤 바람 전진: mesh16 / sub256 / reset42 / frame85/90
랜덤 바람 전진: mesh16 / sub256 / reset42 / frame86/90
랜덤 바람 전진: mesh16 / sub256 / reset42 / frame87/90
랜덤 바람 전진: mesh16 / sub256 / reset42 / frame88/90
랜덤 바람 전진: mesh16 / sub256 / reset42 / frame89/90
랜덤 바람 전진: mesh16 / sub256 / reset42 / frame90/90
