3D shell 구조 검사 시작: CPU NumPy
구조 검사 완료: forward / n=4 / 누적 사례 25
구조 검사 완료: forward / n=8 / 누적 사례 50
구조 검사 완료: forward / n=16 / 누적 사례 75
구조 검사 완료: forward / n=32 / 누적 사례 100
구조 검사 완료: backward / n=4 / 누적 사례 125
구조 검사 완료: backward / n=8 / 누적 사례 150
구조 검사 완료: backward / n=16 / 누적 사례 175
구조 검사 완료: backward / n=32 / 누적 사례 200
구조 검사 완료: checkerboard / n=4 / 누적 사례 225
구조 검사 완료: checkerboard / n=8 / 누적 사례 250
구조 검사 완료: checkerboard / n=16 / 누적 사례 275
구조 검사 완료: checkerboard / n=32 / 누적 사례 300
계산 종료: completed / 300개 사례 / 후보 검사: passed
진단: objectivity / passed
진단: derivatives / passed
진단: rest_tangent / passed
진단: affine_rest / passed
진단: reference_quadrature / passed
진단: finite_deformation / passed
물리 수렴: not_assessed / 학습 Teacher 채택: false
