test_consistent_work_forgery_requires_raw_source_comparison (test_teacher_p3_samples.P3SampleTests.test_consistent_work_forgery_requires_raw_source_comparison) ... ok
test_failed_physics_no_output_and_no_overwrite (test_teacher_p3_samples.P3SampleTests.test_failed_physics_no_output_and_no_overwrite) ... ok
test_quality_promotion_rejected (test_teacher_p3_samples.P3SampleTests.test_quality_promotion_rejected) ... ok
test_rehashed_patch_and_boundary_rejected (test_teacher_p3_samples.P3SampleTests.test_rehashed_patch_and_boundary_rejected) ... ok
test_windows_batch_measure_and_numpy_only (test_teacher_p3_samples.P3SampleTests.test_windows_batch_measure_and_numpy_only) ... ok
test_aerodynamic_current_area_sign_force_moment_and_power (test_teacher_p3_surface.P3SurfaceTests.test_aerodynamic_current_area_sign_force_moment_and_power) ... ok
test_finite_graph_analytic_metric_curvature_area (test_teacher_p3_surface.P3SurfaceTests.test_finite_graph_analytic_metric_curvature_area) ... ok
test_geometric_derivative_including_changing_normal (test_teacher_p3_surface.P3SurfaceTests.test_geometric_derivative_including_changing_normal) ... ok
test_guard_before_area_and_invalid_inputs (test_teacher_p3_surface.P3SurfaceTests.test_guard_before_area_and_invalid_inputs) ... ok
test_mixed_second_derivative_and_symmetry (test_teacher_p3_surface.P3SurfaceTests.test_mixed_second_derivative_and_symmetry) ... ok
test_oblique_triangle_polynomial_reproduction (test_teacher_p3_surface.P3SurfaceTests.test_oblique_triangle_polynomial_reproduction) ... ok
test_rigid_motion_and_rotated_deformation (test_teacher_p3_surface.P3SurfaceTests.test_rigid_motion_and_rotated_deformation) ... ok
test_signed_shape_mass_and_exact_degree_six_integral (test_teacher_p3_surface.P3SurfaceTests.test_signed_shape_mass_and_exact_degree_six_integral) ... ok
test_stress_force_virtual_work_rotation_and_moment (test_teacher_p3_surface.P3SurfaceTests.test_stress_force_virtual_work_rotation_and_moment) ... ok
test_zero_ambient_is_passive_and_distinct_from_aero_off (test_teacher_p3_surface.P3SurfaceTests.test_zero_ambient_is_passive_and_distinct_from_aero_off) ... ok
test_envelope_reset_and_ledger (test_teacher_p3_wind_reset.P3WindResetTests.test_envelope_reset_and_ledger) ... ok
test_exact_cross_measure_and_spline_clamp (test_teacher_p3_wind_reset.P3WindResetTests.test_exact_cross_measure_and_spline_clamp) ... ok
test_force_area_sign_and_virtual_work (test_teacher_p3_wind_reset.P3WindResetTests.test_force_area_sign_and_virtual_work) ... ok
test_full_dof_independent_exponential (test_teacher_p3_wind_reset.P3WindResetTests.test_full_dof_independent_exponential) ... ok
test_mass_boundary_and_quadratic_energy (test_teacher_p3_wind_reset.P3WindResetTests.test_mass_boundary_and_quadratic_energy) ... ok
test_signed_map_polynomial_and_transpose (test_teacher_p3_wind_reset.P3WindResetTests.test_signed_map_polynomial_and_transpose) ... ok

----------------------------------------------------------------------
Ran 21 tests in 44.290s

OK
