Warp UserWarning: Kernel cache artifacts from a previous Warp version were found in '<workspace>/code/outputs/warp-cache'. These will be ignored. You can safely delete them.
Warp 1.17.0 initialized:
   CUDA Toolkit 12.9, Driver 13.0
   Devices:
     "cpu"      : "x86_64"
     "cuda:0"   : "NVIDIA GeForce GTX 1080 Ti" (11 GiB, sm_61, mempool enabled)
   Kernel cache:
     <workspace>/code/outputs/warp-cache/1.17.0
Module wind3dgs.teacher.p3_shell_warp_kernels 5484a0d load on device 'cuda:0' took 1.60 ms  (cached)
랜덤 바람 전진: mesh8 / sub128 / natural/replay / frame1/90
랜덤 바람 전진: mesh8 / sub128 / natural/replay / frame2/90
랜덤 바람 전진: mesh8 / sub128 / natural/replay / frame3/90
랜덤 바람 전진: mesh8 / sub128 / natural/replay / frame4/90
랜덤 바람 전진: mesh8 / sub128 / natural/replay / frame5/90
랜덤 바람 전진: mesh8 / sub128 / natural/replay / frame6/90
랜덤 바람 전진: mesh8 / sub128 / natural/replay / frame7/90
랜덤 바람 전진: mesh8 / sub128 / natural/replay / frame8/90
랜덤 바람 전진: mesh8 / sub128 / natural/replay / frame9/90
랜덤 바람 전진: mesh8 / sub128 / natural/replay / frame10/90
랜덤 바람 전진: mesh8 / sub128 / natural/replay / frame11/90
랜덤 바람 전진: mesh8 / sub128 / natural/replay / frame12/90
랜덤 바람 전진: mesh8 / sub128 / natural/replay / frame13/90
랜덤 바람 전진: mesh8 / sub128 / natural/replay / frame14/90
랜덤 바람 전진: mesh8 / sub128 / natural/replay / frame15/90
랜덤 바람 전진: mesh8 / sub128 / natural/replay / frame16/90
랜덤 바람 전진: mesh8 / sub128 / natural/replay / frame17/90
랜덤 바람 전진: mesh8 / sub128 / natural/replay / frame18/90
랜덤 바람 전진: mesh8 / sub128 / natural/replay / frame19/90
랜덤 바람 전진: mesh8 / sub128 / natural/replay / frame20/90
랜덤 바람 전진: mesh8 / sub128 / natural/replay / frame21/90
랜덤 바람 전진: mesh8 / sub128 / natural/replay / frame22/90
랜덤 바람 전진: mesh8 / sub128 / natural/replay / frame23/90
랜덤 바람 전진: mesh8 / sub128 / natural/replay / frame24/90
랜덤 바람 전진: mesh8 / sub128 / natural/replay / frame25/90
랜덤 바람 전진: mesh8 / sub128 / natural/replay / frame26/90
랜덤 바람 전진: mesh8 / sub128 / natural/replay / frame27/90
랜덤 바람 전진: mesh8 / sub128 / natural/replay / frame28/90
랜덤 바람 전진: mesh8 / sub128 / natural/replay / frame29/90
랜덤 바람 전진: mesh8 / sub128 / natural/replay / frame30/90
랜덤 바람 전진: mesh8 / sub128 / natural/replay / frame31/90
랜덤 바람 전진: mesh8 / sub128 / natural/replay / frame32/90
랜덤 바람 전진: mesh8 / sub128 / natural/replay / frame33/90
랜덤 바람 전진: mesh8 / sub128 / natural/replay / frame34/90
랜덤 바람 전진: mesh8 / sub128 / natural/replay / frame35/90
랜덤 바람 전진: mesh8 / sub128 / natural/replay / frame36/90
랜덤 바람 전진: mesh8 / sub128 / natural/replay / frame37/90
랜덤 바람 전진: mesh8 / sub128 / natural/replay / frame38/90
랜덤 바람 전진: mesh8 / sub128 / natural/replay / frame39/90
랜덤 바람 전진: mesh8 / sub128 / natural/replay / frame40/90
랜덤 바람 전진: mesh8 / sub128 / natural/replay / frame41/90
랜덤 바람 전진: mesh8 / sub128 / natural/replay / frame42/90
랜덤 바람 전진: mesh8 / sub128 / natural/replay / frame43/90
랜덤 바람 전진: mesh8 / sub128 / natural/replay / frame44/90
랜덤 바람 전진: mesh8 / sub128 / natural/replay / frame45/90
랜덤 바람 전진: mesh8 / sub128 / natural/replay / frame46/90
랜덤 바람 전진: mesh8 / sub128 / natural/replay / frame47/90
랜덤 바람 전진: mesh8 / sub128 / natural/replay / frame48/90
랜덤 바람 전진: mesh8 / sub128 / natural/replay / frame49/90
랜덤 바람 전진: mesh8 / sub128 / natural/replay / frame50/90
랜덤 바람 전진: mesh8 / sub128 / natural/replay / frame51/90
랜덤 바람 전진: mesh8 / sub128 / natural/replay / frame52/90
랜덤 바람 전진: mesh8 / sub128 / natural/replay / frame53/90
랜덤 바람 전진: mesh8 / sub128 / natural/replay / frame54/90
랜덤 바람 전진: mesh8 / sub128 / natural/replay / frame55/90
랜덤 바람 전진: mesh8 / sub128 / natural/replay / frame56/90
랜덤 바람 전진: mesh8 / sub128 / natural/replay / frame57/90
랜덤 바람 전진: mesh8 / sub128 / natural/replay / frame58/90
랜덤 바람 전진: mesh8 / sub128 / natural/replay / frame59/90
랜덤 바람 전진: mesh8 / sub128 / natural/replay / frame60/90
랜덤 바람 전진: mesh8 / sub128 / natural/replay / frame61/90
랜덤 바람 전진: mesh8 / sub128 / natural/replay / frame62/90
랜덤 바람 전진: mesh8 / sub128 / natural/replay / frame63/90
랜덤 바람 전진: mesh8 / sub128 / natural/replay / frame64/90
랜덤 바람 전진: mesh8 / sub128 / natural/replay / frame65/90
랜덤 바람 전진: mesh8 / sub128 / natural/replay / frame66/90
랜덤 바람 전진: mesh8 / sub128 / natural/replay / frame67/90
랜덤 바람 전진: mesh8 / sub128 / natural/replay / frame68/90
랜덤 바람 전진: mesh8 / sub128 / natural/replay / frame69/90
랜덤 바람 전진: mesh8 / sub128 / natural/replay / frame70/90
랜덤 바람 전진: mesh8 / sub128 / natural/replay / frame71/90
랜덤 바람 전진: mesh8 / sub128 / natural/replay / frame72/90
랜덤 바람 전진: mesh8 / sub128 / natural/replay / frame73/90
랜덤 바람 전진: mesh8 / sub128 / natural/replay / frame74/90
랜덤 바람 전진: mesh8 / sub128 / natural/replay / frame75/90
랜덤 바람 전진: mesh8 / sub128 / natural/replay / frame76/90
랜덤 바람 전진: mesh8 / sub128 / natural/replay / frame77/90
랜덤 바람 전진: mesh8 / sub128 / natural/replay / frame78/90
랜덤 바람 전진: mesh8 / sub128 / natural/replay / frame79/90
랜덤 바람 전진: mesh8 / sub128 / natural/replay / frame80/90
랜덤 바람 전진: mesh8 / sub128 / natural/replay / frame81/90
랜덤 바람 전진: mesh8 / sub128 / natural/replay / frame82/90
랜덤 바람 전진: mesh8 / sub128 / natural/replay / frame83/90
랜덤 바람 전진: mesh8 / sub128 / natural/replay / frame84/90
랜덤 바람 전진: mesh8 / sub128 / natural/replay / frame85/90
랜덤 바람 전진: mesh8 / sub128 / natural/replay / frame86/90
랜덤 바람 전진: mesh8 / sub128 / natural/replay / frame87/90
랜덤 바람 전진: mesh8 / sub128 / natural/replay / frame88/90
랜덤 바람 전진: mesh8 / sub128 / natural/replay / frame89/90
랜덤 바람 전진: mesh8 / sub128 / natural/replay / frame90/90
