동일 분기 완료 대기: natural
랜덤 바람 수치 보간 비교: 1 frame
랜덤 바람 수치 보간 비교: 2 frame
랜덤 바람 수치 보간 비교: 3 frame
랜덤 바람 수치 보간 비교: 4 frame
랜덤 바람 수치 보간 비교: 5 frame
랜덤 바람 수치 보간 비교: 6 frame
랜덤 바람 수치 보간 비교: 7 frame
랜덤 바람 수치 보간 비교: 8 frame
랜덤 바람 수치 보간 비교: 9 frame
랜덤 바람 수치 보간 비교: 10 frame
랜덤 바람 수치 보간 비교: 11 frame
랜덤 바람 수치 보간 비교: 12 frame
랜덤 바람 수치 보간 비교: 13 frame
랜덤 바람 수치 보간 비교: 14 frame
랜덤 바람 수치 보간 비교: 15 frame
랜덤 바람 수치 보간 비교: 16 frame
랜덤 바람 수치 보간 비교: 17 frame
랜덤 바람 수치 보간 비교: 18 frame
랜덤 바람 수치 보간 비교: 19 frame
랜덤 바람 수치 보간 비교: 20 frame
랜덤 바람 수치 보간 비교: 21 frame
랜덤 바람 수치 보간 비교: 22 frame
랜덤 바람 수치 보간 비교: 23 frame
랜덤 바람 수치 보간 비교: 24 frame
랜덤 바람 수치 보간 비교: 25 frame
랜덤 바람 수치 보간 비교: 26 frame
랜덤 바람 수치 보간 비교: 27 frame
랜덤 바람 수치 보간 비교: 28 frame
랜덤 바람 수치 보간 비교: 29 frame
랜덤 바람 수치 보간 비교: 30 frame
랜덤 바람 수치 보간 비교: 31 frame
랜덤 바람 수치 보간 비교: 32 frame
랜덤 바람 수치 보간 비교: 33 frame
랜덤 바람 수치 보간 비교: 34 frame
랜덤 바람 수치 보간 비교: 35 frame
랜덤 바람 수치 보간 비교: 36 frame
랜덤 바람 수치 보간 비교: 37 frame
랜덤 바람 수치 보간 비교: 38 frame
랜덤 바람 수치 보간 비교: 39 frame
랜덤 바람 수치 보간 비교: 40 frame
랜덤 바람 수치 보간 비교: 41 frame
랜덤 바람 수치 보간 비교: 42 frame
랜덤 바람 수치 보간 비교: 43 frame
랜덤 바람 수치 보간 비교: 44 frame
랜덤 바람 수치 보간 비교: 45 frame
랜덤 바람 수치 보간 비교: 46 frame
랜덤 바람 수치 보간 비교: 47 frame
랜덤 바람 수치 보간 비교: 48 frame
랜덤 바람 수치 보간 비교: 49 frame
랜덤 바람 수치 보간 비교: 50 frame
랜덤 바람 수치 보간 비교: 51 frame
랜덤 바람 수치 보간 비교: 52 frame
랜덤 바람 수치 보간 비교: 53 frame
랜덤 바람 수치 보간 비교: 54 frame
랜덤 바람 수치 보간 비교: 55 frame
랜덤 바람 수치 보간 비교: 56 frame
랜덤 바람 수치 보간 비교: 57 frame
랜덤 바람 수치 보간 비교: 58 frame
랜덤 바람 수치 보간 비교: 59 frame
랜덤 바람 수치 보간 비교: 60 frame
랜덤 바람 수치 보간 비교: 61 frame
랜덤 바람 수치 보간 비교: 62 frame
랜덤 바람 수치 보간 비교: 63 frame
랜덤 바람 수치 보간 비교: 64 frame
랜덤 바람 수치 보간 비교: 65 frame
랜덤 바람 수치 보간 비교: 66 frame
랜덤 바람 수치 보간 비교: 67 frame
랜덤 바람 수치 보간 비교: 68 frame
랜덤 바람 수치 보간 비교: 69 frame
랜덤 바람 수치 보간 비교: 70 frame
랜덤 바람 수치 보간 비교: 71 frame
랜덤 바람 수치 보간 비교: 72 frame
랜덤 바람 수치 보간 비교: 73 frame
랜덤 바람 수치 보간 비교: 74 frame
랜덤 바람 수치 보간 비교: 75 frame
랜덤 바람 수치 보간 비교: 76 frame
랜덤 바람 수치 보간 비교: 77 frame
랜덤 바람 수치 보간 비교: 78 frame
랜덤 바람 수치 보간 비교: 79 frame
랜덤 바람 수치 보간 비교: 80 frame
랜덤 바람 수치 보간 비교: 81 frame
랜덤 바람 수치 보간 비교: 82 frame
랜덤 바람 수치 보간 비교: 83 frame
랜덤 바람 수치 보간 비교: 84 frame
랜덤 바람 수치 보간 비교: 85 frame
랜덤 바람 수치 보간 비교: 86 frame
랜덤 바람 수치 보간 비교: 87 frame
랜덤 바람 수치 보간 비교: 88 frame
랜덤 바람 수치 보간 비교: 89 frame
랜덤 바람 수치 보간 비교: 90 frame
랜덤 바람 수치 보간 비교 종료: False
분기 비교: natural 속도 상대 상한 0.010879618091118957
동일 분기 완료 대기: reset18
랜덤 바람 수치 보간 비교: 19 frame
랜덤 바람 수치 보간 비교: 20 frame
랜덤 바람 수치 보간 비교: 21 frame
랜덤 바람 수치 보간 비교: 22 frame
랜덤 바람 수치 보간 비교: 23 frame
랜덤 바람 수치 보간 비교: 24 frame
랜덤 바람 수치 보간 비교: 25 frame
랜덤 바람 수치 보간 비교: 26 frame
랜덤 바람 수치 보간 비교: 27 frame
랜덤 바람 수치 보간 비교: 28 frame
랜덤 바람 수치 보간 비교: 29 frame
랜덤 바람 수치 보간 비교: 30 frame
랜덤 바람 수치 보간 비교: 31 frame
랜덤 바람 수치 보간 비교: 32 frame
랜덤 바람 수치 보간 비교: 33 frame
랜덤 바람 수치 보간 비교: 34 frame
랜덤 바람 수치 보간 비교: 35 frame
랜덤 바람 수치 보간 비교: 36 frame
랜덤 바람 수치 보간 비교: 37 frame
랜덤 바람 수치 보간 비교: 38 frame
랜덤 바람 수치 보간 비교: 39 frame
랜덤 바람 수치 보간 비교: 40 frame
랜덤 바람 수치 보간 비교: 41 frame
랜덤 바람 수치 보간 비교: 42 frame
랜덤 바람 수치 보간 비교: 43 frame
랜덤 바람 수치 보간 비교: 44 frame
랜덤 바람 수치 보간 비교: 45 frame
랜덤 바람 수치 보간 비교: 46 frame
랜덤 바람 수치 보간 비교: 47 frame
랜덤 바람 수치 보간 비교: 48 frame
랜덤 바람 수치 보간 비교: 49 frame
랜덤 바람 수치 보간 비교: 50 frame
랜덤 바람 수치 보간 비교: 51 frame
랜덤 바람 수치 보간 비교: 52 frame
랜덤 바람 수치 보간 비교: 53 frame
랜덤 바람 수치 보간 비교: 54 frame
랜덤 바람 수치 보간 비교: 55 frame
랜덤 바람 수치 보간 비교: 56 frame
랜덤 바람 수치 보간 비교: 57 frame
랜덤 바람 수치 보간 비교: 58 frame
랜덤 바람 수치 보간 비교: 59 frame
랜덤 바람 수치 보간 비교: 60 frame
랜덤 바람 수치 보간 비교: 61 frame
랜덤 바람 수치 보간 비교: 62 frame
랜덤 바람 수치 보간 비교: 63 frame
랜덤 바람 수치 보간 비교: 64 frame
랜덤 바람 수치 보간 비교: 65 frame
랜덤 바람 수치 보간 비교: 66 frame
랜덤 바람 수치 보간 비교: 67 frame
랜덤 바람 수치 보간 비교: 68 frame
랜덤 바람 수치 보간 비교: 69 frame
랜덤 바람 수치 보간 비교: 70 frame
랜덤 바람 수치 보간 비교: 71 frame
랜덤 바람 수치 보간 비교: 72 frame
랜덤 바람 수치 보간 비교: 73 frame
랜덤 바람 수치 보간 비교: 74 frame
랜덤 바람 수치 보간 비교: 75 frame
랜덤 바람 수치 보간 비교: 76 frame
랜덤 바람 수치 보간 비교: 77 frame
랜덤 바람 수치 보간 비교: 78 frame
랜덤 바람 수치 보간 비교: 79 frame
랜덤 바람 수치 보간 비교: 80 frame
랜덤 바람 수치 보간 비교: 81 frame
랜덤 바람 수치 보간 비교: 82 frame
랜덤 바람 수치 보간 비교: 83 frame
랜덤 바람 수치 보간 비교: 84 frame
랜덤 바람 수치 보간 비교: 85 frame
랜덤 바람 수치 보간 비교: 86 frame
랜덤 바람 수치 보간 비교: 87 frame
랜덤 바람 수치 보간 비교: 88 frame
랜덤 바람 수치 보간 비교: 89 frame
랜덤 바람 수치 보간 비교: 90 frame
랜덤 바람 수치 보간 비교 종료: False
분기 비교: reset18 속도 상대 상한 0.012110153574758873
동일 분기 완료 대기: reset42
랜덤 바람 수치 보간 비교: 43 frame
랜덤 바람 수치 보간 비교: 44 frame
랜덤 바람 수치 보간 비교: 45 frame
랜덤 바람 수치 보간 비교: 46 frame
랜덤 바람 수치 보간 비교: 47 frame
랜덤 바람 수치 보간 비교: 48 frame
랜덤 바람 수치 보간 비교: 49 frame
랜덤 바람 수치 보간 비교: 50 frame
랜덤 바람 수치 보간 비교: 51 frame
랜덤 바람 수치 보간 비교: 52 frame
랜덤 바람 수치 보간 비교: 53 frame
랜덤 바람 수치 보간 비교: 54 frame
랜덤 바람 수치 보간 비교: 55 frame
랜덤 바람 수치 보간 비교: 56 frame
랜덤 바람 수치 보간 비교: 57 frame
랜덤 바람 수치 보간 비교: 58 frame
랜덤 바람 수치 보간 비교: 59 frame
랜덤 바람 수치 보간 비교: 60 frame
랜덤 바람 수치 보간 비교: 61 frame
랜덤 바람 수치 보간 비교: 62 frame
랜덤 바람 수치 보간 비교: 63 frame
랜덤 바람 수치 보간 비교: 64 frame
랜덤 바람 수치 보간 비교: 65 frame
랜덤 바람 수치 보간 비교: 66 frame
랜덤 바람 수치 보간 비교: 67 frame
랜덤 바람 수치 보간 비교: 68 frame
랜덤 바람 수치 보간 비교: 69 frame
랜덤 바람 수치 보간 비교: 70 frame
랜덤 바람 수치 보간 비교: 71 frame
랜덤 바람 수치 보간 비교: 72 frame
랜덤 바람 수치 보간 비교: 73 frame
랜덤 바람 수치 보간 비교: 74 frame
랜덤 바람 수치 보간 비교: 75 frame
랜덤 바람 수치 보간 비교: 76 frame
랜덤 바람 수치 보간 비교: 77 frame
랜덤 바람 수치 보간 비교: 78 frame
랜덤 바람 수치 보간 비교: 79 frame
랜덤 바람 수치 보간 비교: 80 frame
랜덤 바람 수치 보간 비교: 81 frame
랜덤 바람 수치 보간 비교: 82 frame
랜덤 바람 수치 보간 비교: 83 frame
랜덤 바람 수치 보간 비교: 84 frame
랜덤 바람 수치 보간 비교: 85 frame
랜덤 바람 수치 보간 비교: 86 frame
랜덤 바람 수치 보간 비교: 87 frame
랜덤 바람 수치 보간 비교: 88 frame
랜덤 바람 수치 보간 비교: 89 frame
랜덤 바람 수치 보간 비교: 90 frame
랜덤 바람 수치 보간 비교 종료: False
분기 비교: reset42 속도 상대 상한 0.011938830132097488
동일 분기 완료 대기: reset66
랜덤 바람 수치 보간 비교: 67 frame
랜덤 바람 수치 보간 비교: 68 frame
랜덤 바람 수치 보간 비교: 69 frame
랜덤 바람 수치 보간 비교: 70 frame
랜덤 바람 수치 보간 비교: 71 frame
랜덤 바람 수치 보간 비교: 72 frame
랜덤 바람 수치 보간 비교: 73 frame
랜덤 바람 수치 보간 비교: 74 frame
랜덤 바람 수치 보간 비교: 75 frame
랜덤 바람 수치 보간 비교: 76 frame
랜덤 바람 수치 보간 비교: 77 frame
랜덤 바람 수치 보간 비교: 78 frame
랜덤 바람 수치 보간 비교: 79 frame
랜덤 바람 수치 보간 비교: 80 frame
랜덤 바람 수치 보간 비교: 81 frame
랜덤 바람 수치 보간 비교: 82 frame
랜덤 바람 수치 보간 비교: 83 frame
랜덤 바람 수치 보간 비교: 84 frame
랜덤 바람 수치 보간 비교: 85 frame
랜덤 바람 수치 보간 비교: 86 frame
랜덤 바람 수치 보간 비교: 87 frame
랜덤 바람 수치 보간 비교: 88 frame
랜덤 바람 수치 보간 비교: 89 frame
랜덤 바람 수치 보간 비교: 90 frame
랜덤 바람 수치 보간 비교 종료: False
분기 비교: reset66 속도 상대 상한 0.034952609601647144
