Warp UserWarning: Kernel cache artifacts from a previous Warp version were found in '<workspace>/code/outputs/warp-cache'. These will be ignored. You can safely delete them.
Warp 1.17.0 initialized:
   CUDA Toolkit 12.9, Driver 13.0
   Devices:
     "cpu"      : "x86_64"
     "cuda:0"   : "NVIDIA GeForce GTX 1080 Ti" (11 GiB, sm_61, mempool enabled)
   Kernel cache:
     <workspace>/code/outputs/warp-cache/1.17.0
Module wind3dgs.teacher.p3_shell_warp_kernels 5484a0d load on device 'cuda:0' took 10.13 ms  (cached)
랜덤 바람 전진: mesh16 / sub256 / reset18 / frame19/90
랜덤 바람 전진: mesh16 / sub256 / reset18 / frame20/90
랜덤 바람 전진: mesh16 / sub256 / reset18 / frame21/90
랜덤 바람 전진: mesh16 / sub256 / reset18 / frame22/90
랜덤 바람 전진: mesh16 / sub256 / reset18 / frame23/90
랜덤 바람 전진: mesh16 / sub256 / reset18 / frame24/90
랜덤 바람 전진: mesh16 / sub256 / reset18 / frame25/90
랜덤 바람 전진: mesh16 / sub256 / reset18 / frame26/90
랜덤 바람 전진: mesh16 / sub256 / reset18 / frame27/90
랜덤 바람 전진: mesh16 / sub256 / reset18 / frame28/90
랜덤 바람 전진: mesh16 / sub256 / reset18 / frame29/90
랜덤 바람 전진: mesh16 / sub256 / reset18 / frame30/90
랜덤 바람 전진: mesh16 / sub256 / reset18 / frame31/90
랜덤 바람 전진: mesh16 / sub256 / reset18 / frame32/90
랜덤 바람 전진: mesh16 / sub256 / reset18 / frame33/90
랜덤 바람 전진: mesh16 / sub256 / reset18 / frame34/90
랜덤 바람 전진: mesh16 / sub256 / reset18 / frame35/90
랜덤 바람 전진: mesh16 / sub256 / reset18 / frame36/90
랜덤 바람 전진: mesh16 / sub256 / reset18 / frame37/90
랜덤 바람 전진: mesh16 / sub256 / reset18 / frame38/90
랜덤 바람 전진: mesh16 / sub256 / reset18 / frame39/90
랜덤 바람 전진: mesh16 / sub256 / reset18 / frame40/90
랜덤 바람 전진: mesh16 / sub256 / reset18 / frame41/90
랜덤 바람 전진: mesh16 / sub256 / reset18 / frame42/90
랜덤 바람 전진: mesh16 / sub256 / reset18 / frame43/90
랜덤 바람 전진: mesh16 / sub256 / reset18 / frame44/90
랜덤 바람 전진: mesh16 / sub256 / reset18 / frame45/90
랜덤 바람 전진: mesh16 / sub256 / reset18 / frame46/90
랜덤 바람 전진: mesh16 / sub256 / reset18 / frame47/90
랜덤 바람 전진: mesh16 / sub256 / reset18 / frame48/90
랜덤 바람 전진: mesh16 / sub256 / reset18 / frame49/90
랜덤 바람 전진: mesh16 / sub256 / reset18 / frame50/90
랜덤 바람 전진: mesh16 / sub256 / reset18 / frame51/90
랜덤 바람 전진: mesh16 / sub256 / reset18 / frame52/90
랜덤 바람 전진: mesh16 / sub256 / reset18 / frame53/90
랜덤 바람 전진: mesh16 / sub256 / reset18 / frame54/90
랜덤 바람 전진: mesh16 / sub256 / reset18 / frame55/90
랜덤 바람 전진: mesh16 / sub256 / reset18 / frame56/90
랜덤 바람 전진: mesh16 / sub256 / reset18 / frame57/90
랜덤 바람 전진: mesh16 / sub256 / reset18 / frame58/90
랜덤 바람 전진: mesh16 / sub256 / reset18 / frame59/90
랜덤 바람 전진: mesh16 / sub256 / reset18 / frame60/90
랜덤 바람 전진: mesh16 / sub256 / reset18 / frame61/90
랜덤 바람 전진: mesh16 / sub256 / reset18 / frame62/90
랜덤 바람 전진: mesh16 / sub256 / reset18 / frame63/90
랜덤 바람 전진: mesh16 / sub256 / reset18 / frame64/90
랜덤 바람 전진: mesh16 / sub256 / reset18 / frame65/90
랜덤 바람 전진: mesh16 / sub256 / reset18 / frame66/90
랜덤 바람 전진: mesh16 / sub256 / reset18 / frame67/90
랜덤 바람 전진: mesh16 / sub256 / reset18 / frame68/90
랜덤 바람 전진: mesh16 / sub256 / reset18 / frame69/90
랜덤 바람 전진: mesh16 / sub256 / reset18 / frame70/90
랜덤 바람 전진: mesh16 / sub256 / reset18 / frame71/90
랜덤 바람 전진: mesh16 / sub256 / reset18 / frame72/90
랜덤 바람 전진: mesh16 / sub256 / reset18 / frame73/90
랜덤 바람 전진: mesh16 / sub256 / reset18 / frame74/90
랜덤 바람 전진: mesh16 / sub256 / reset18 / frame75/90
랜덤 바람 전진: mesh16 / sub256 / reset18 / frame76/90
랜덤 바람 전진: mesh16 / sub256 / reset18 / frame77/90
랜덤 바람 전진: mesh16 / sub256 / reset18 / frame78/90
랜덤 바람 전진: mesh16 / sub256 / reset18 / frame79/90
랜덤 바람 전진: mesh16 / sub256 / reset18 / frame80/90
랜덤 바람 전진: mesh16 / sub256 / reset18 / frame81/90
랜덤 바람 전진: mesh16 / sub256 / reset18 / frame82/90
랜덤 바람 전진: mesh16 / sub256 / reset18 / frame83/90
랜덤 바람 전진: mesh16 / sub256 / reset18 / frame84/90
랜덤 바람 전진: mesh16 / sub256 / reset18 / frame85/90
랜덤 바람 전진: mesh16 / sub256 / reset18 / frame86/90
랜덤 바람 전진: mesh16 / sub256 / reset18 / frame87/90
랜덤 바람 전진: mesh16 / sub256 / reset18 / frame88/90
랜덤 바람 전진: mesh16 / sub256 / reset18 / frame89/90
랜덤 바람 전진: mesh16 / sub256 / reset18 / frame90/90
