변화 바람/속도 초기화 검사 시작: CPU / 5개 조건
실행 시작: mesh4_sub32_natural
상태·공력·개입 검산 통과: mesh4_sub32_natural (14.1초)
실행 시작: mesh4_sub32_replay
상태·공력·개입 검산 통과: mesh4_sub32_replay (24.1초)
실행 시작: mesh4_sub32_reset18
상태·공력·개입 검산 통과: mesh4_sub32_reset18 (34.1초)
실행 시작: mesh4_sub32_reset42
상태·공력·개입 검산 통과: mesh4_sub32_reset42 (44.0초)
실행 시작: mesh4_sub32_reset66
상태·공력·개입 검산 통과: mesh4_sub32_reset66 (54.2초)
실행 시작: mesh8_sub8_natural
상태·공력·개입 검산 통과: mesh8_sub8_natural (58.2초)
실행 시작: mesh8_sub8_replay
상태·공력·개입 검산 통과: mesh8_sub8_replay (62.1초)
실행 시작: mesh8_sub8_reset18
상태·공력·개입 검산 통과: mesh8_sub8_reset18 (66.0초)
실행 시작: mesh8_sub8_reset42
상태·공력·개입 검산 통과: mesh8_sub8_reset42 (69.9초)
실행 시작: mesh8_sub8_reset66
상태·공력·개입 검산 통과: mesh8_sub8_reset66 (73.9초)
실행 시작: mesh8_sub16_natural
상태·공력·개입 검산 통과: mesh8_sub16_natural (82.0초)
실행 시작: mesh8_sub16_replay
상태·공력·개입 검산 통과: mesh8_sub16_replay (90.4초)
실행 시작: mesh8_sub16_reset18
상태·공력·개입 검산 통과: mesh8_sub16_reset18 (98.6초)
실행 시작: mesh8_sub16_reset42
상태·공력·개입 검산 통과: mesh8_sub16_reset42 (106.7초)
실행 시작: mesh8_sub16_reset66
상태·공력·개입 검산 통과: mesh8_sub16_reset66 (114.8초)
실행 시작: mesh8_sub32_natural
상태·공력·개입 검산 통과: mesh8_sub32_natural (130.7초)
실행 시작: mesh8_sub32_replay
상태·공력·개입 검산 통과: mesh8_sub32_replay (146.5초)
실행 시작: mesh8_sub32_reset18
상태·공력·개입 검산 통과: mesh8_sub32_reset18 (162.7초)
실행 시작: mesh8_sub32_reset42
상태·공력·개입 검산 통과: mesh8_sub32_reset42 (178.9초)
실행 시작: mesh8_sub32_reset66
상태·공력·개입 검산 통과: mesh8_sub32_reset66 (194.8초)
실행 시작: mesh16_sub32_natural
상태·공력·개입 검산 통과: mesh16_sub32_natural (230.8초)
실행 시작: mesh16_sub32_replay
상태·공력·개입 검산 통과: mesh16_sub32_replay (266.5초)
실행 시작: mesh16_sub32_reset18
상태·공력·개입 검산 통과: mesh16_sub32_reset18 (301.9초)
실행 시작: mesh16_sub32_reset42
상태·공력·개입 검산 통과: mesh16_sub32_reset42 (337.0초)
실행 시작: mesh16_sub32_reset66
상태·공력·개입 검산 통과: mesh16_sub32_reset66 (372.6초)
실행 검산 완료: 25개 trace / finest 진단 failed / 학습 적격성 false
