Shell short 시간 refinement 시작: CPU / N=20480·40960 / 공통 513 시각
원본 상태 검산: reference_a
원본 상태 검산: reference_b
원본 상태 검산: newmark_full_640
원본 상태 검산: newmark_full_1280
원본 상태 검산: newmark_full_2560
원본 상태 검산: newmark_short_5120
원본 상태 검산: newmark_short_10240
세 원본·기준·512 step baseline 검산 통과; 신규 short 2개 시작
가속도 Newmark 진행: acceleration_short_20480 / 128/1024 step
가속도 Newmark 진행: acceleration_short_20480 / 256/1024 step
가속도 Newmark 진행: acceleration_short_20480 / 384/1024 step
가속도 Newmark 진행: acceleration_short_20480 / 512/1024 step
가속도 Newmark 진행: acceleration_short_20480 / 640/1024 step
가속도 Newmark 진행: acceleration_short_20480 / 768/1024 step
가속도 Newmark 진행: acceleration_short_20480 / 896/1024 step
가속도 Newmark 진행: acceleration_short_20480 / 1024/1024 step
사례 보존: acceleration_short_20480 / completed
가속도 Newmark 진행: acceleration_short_40960 / 128/2048 step
가속도 Newmark 진행: acceleration_short_40960 / 256/2048 step
가속도 Newmark 진행: acceleration_short_40960 / 384/2048 step
가속도 Newmark 진행: acceleration_short_40960 / 512/2048 step
가속도 Newmark 진행: acceleration_short_40960 / 640/2048 step
가속도 Newmark 진행: acceleration_short_40960 / 768/2048 step
가속도 Newmark 진행: acceleration_short_40960 / 896/2048 step
가속도 Newmark 진행: acceleration_short_40960 / 1024/2048 step
가속도 Newmark 진행: acceleration_short_40960 / 1152/2048 step
가속도 Newmark 진행: acceleration_short_40960 / 1280/2048 step
가속도 Newmark 진행: acceleration_short_40960 / 1408/2048 step
가속도 Newmark 진행: acceleration_short_40960 / 1536/2048 step
가속도 Newmark 진행: acceleration_short_40960 / 1664/2048 step
가속도 Newmark 진행: acceleration_short_40960 / 1792/2048 step
가속도 Newmark 진행: acceleration_short_40960 / 1920/2048 step
가속도 Newmark 진행: acceleration_short_40960 / 2048/2048 step
사례 보존: acceleration_short_40960 / completed
진단 종료: solver passed / short passed
Full refinement: not_assessed / 물리 수렴: not_assessed / 학습 Teacher 채택: false
