변화 바람/속도 초기화 검사 시작: CPU / 2개 조건
실행 시작: mesh8_sub64_natural
상태·공력·개입 검산 통과: mesh8_sub64_natural (27.0초)
실행 시작: mesh8_sub64_replay
상태·공력·개입 검산 통과: mesh8_sub64_replay (51.3초)
실행 시작: mesh8_sub64_reset18
상태·공력·개입 검산 통과: mesh8_sub64_reset18 (75.6초)
실행 시작: mesh8_sub64_reset42
상태·공력·개입 검산 통과: mesh8_sub64_reset42 (100.0초)
실행 시작: mesh8_sub64_reset66
상태·공력·개입 검산 통과: mesh8_sub64_reset66 (124.5초)
실행 시작: mesh8_sub128_natural
상태·공력·개입 검산 통과: mesh8_sub128_natural (173.2초)
실행 시작: mesh8_sub128_replay
상태·공력·개입 검산 통과: mesh8_sub128_replay (223.0초)
실행 시작: mesh8_sub128_reset18
상태·공력·개입 검산 통과: mesh8_sub128_reset18 (271.9초)
실행 시작: mesh8_sub128_reset42
상태·공력·개입 검산 통과: mesh8_sub128_reset42 (322.0초)
실행 시작: mesh8_sub128_reset66
상태·공력·개입 검산 통과: mesh8_sub128_reset66 (371.8초)
실행 검산 완료: 10개 trace / finest 진단 failed / 학습 적격성 false
