변화 바람/속도 초기화 검사 시작: CPU / 5개 조건
실행 시작: mesh4_sub32_natural
상태·공력·개입 검산 통과: mesh4_sub32_natural (19.5초)
실행 시작: mesh4_sub32_replay
상태·공력·개입 검산 통과: mesh4_sub32_replay (29.4초)
실행 시작: mesh4_sub32_reset18
상태·공력·개입 검산 통과: mesh4_sub32_reset18 (39.0초)
실행 시작: mesh4_sub32_reset42
상태·공력·개입 검산 통과: mesh4_sub32_reset42 (49.0초)
실행 시작: mesh4_sub32_reset66
상태·공력·개입 검산 통과: mesh4_sub32_reset66 (58.7초)
실행 시작: mesh8_sub8_natural
상태·공력·개입 검산 통과: mesh8_sub8_natural (62.3초)
실행 시작: mesh8_sub8_replay
상태·공력·개입 검산 통과: mesh8_sub8_replay (65.9초)
실행 시작: mesh8_sub8_reset18
상태·공력·개입 검산 통과: mesh8_sub8_reset18 (69.5초)
실행 시작: mesh8_sub8_reset42
상태·공력·개입 검산 통과: mesh8_sub8_reset42 (73.2초)
실행 시작: mesh8_sub8_reset66
상태·공력·개입 검산 통과: mesh8_sub8_reset66 (76.7초)
실행 시작: mesh8_sub16_natural
상태·공력·개입 검산 통과: mesh8_sub16_natural (83.7초)
실행 시작: mesh8_sub16_replay
상태·공력·개입 검산 통과: mesh8_sub16_replay (90.6초)
실행 시작: mesh8_sub16_reset18
상태·공력·개입 검산 통과: mesh8_sub16_reset18 (97.4초)
실행 시작: mesh8_sub16_reset42
상태·공력·개입 검산 통과: mesh8_sub16_reset42 (104.2초)
실행 시작: mesh8_sub16_reset66
상태·공력·개입 검산 통과: mesh8_sub16_reset66 (111.1초)
실행 시작: mesh8_sub32_natural
상태·공력·개입 검산 통과: mesh8_sub32_natural (124.5초)
실행 시작: mesh8_sub32_replay
상태·공력·개입 검산 통과: mesh8_sub32_replay (138.1초)
실행 시작: mesh8_sub32_reset18
상태·공력·개입 검산 통과: mesh8_sub32_reset18 (151.4초)
실행 시작: mesh8_sub32_reset42
상태·공력·개입 검산 통과: mesh8_sub32_reset42 (164.8초)
실행 시작: mesh8_sub32_reset66
상태·공력·개입 검산 통과: mesh8_sub32_reset66 (178.7초)
실행 시작: mesh16_sub32_natural
상태·공력·개입 검산 통과: mesh16_sub32_natural (207.0초)
실행 시작: mesh16_sub32_replay
상태·공력·개입 검산 통과: mesh16_sub32_replay (235.0초)
실행 시작: mesh16_sub32_reset18
상태·공력·개입 검산 통과: mesh16_sub32_reset18 (262.9초)
실행 시작: mesh16_sub32_reset42
상태·공력·개입 검산 통과: mesh16_sub32_reset42 (290.9초)
실행 시작: mesh16_sub32_reset66
상태·공력·개입 검산 통과: mesh16_sub32_reset66 (319.4초)
실행 검산 완료: 25개 trace / finest 진단 failed / 학습 적격성 false
