Natural 완료 대기: 20260909_scale4_natural_m16_s256_v1
Warp UserWarning: Kernel cache artifacts from a previous Warp version were found in '<workspace>/code/outputs/warp-cache'. These will be ignored. You can safely delete them.
Warp 1.17.0 initialized:
   CUDA Toolkit 12.9, Driver 13.0
   Devices:
     "cpu"      : "x86_64"
     "cuda:0"   : "NVIDIA GeForce GTX 1080 Ti" (11 GiB, sm_61, mempool enabled)
   Kernel cache:
     <workspace>/code/outputs/warp-cache/1.17.0
Module wind3dgs.teacher.p3_shell_warp_kernels 5484a0d load on device 'cuda:0' took 3.27 ms  (cached)
랜덤 바람 원식 검산: 1 frame
랜덤 바람 원식 검산: 2 frame
랜덤 바람 원식 검산: 3 frame
랜덤 바람 원식 검산: 4 frame
랜덤 바람 원식 검산: 5 frame
랜덤 바람 원식 검산: 6 frame
랜덤 바람 원식 검산: 7 frame
랜덤 바람 원식 검산: 8 frame
랜덤 바람 원식 검산: 9 frame
랜덤 바람 원식 검산: 10 frame
랜덤 바람 원식 검산: 11 frame
랜덤 바람 원식 검산: 12 frame
랜덤 바람 원식 검산: 13 frame
랜덤 바람 원식 검산: 14 frame
랜덤 바람 원식 검산: 15 frame
랜덤 바람 원식 검산: 16 frame
랜덤 바람 원식 검산: 17 frame
랜덤 바람 원식 검산: 18 frame
랜덤 바람 원식 검산: 19 frame
랜덤 바람 원식 검산: 20 frame
랜덤 바람 원식 검산: 21 frame
랜덤 바람 원식 검산: 22 frame
랜덤 바람 원식 검산: 23 frame
랜덤 바람 원식 검산: 24 frame
랜덤 바람 원식 검산: 25 frame
랜덤 바람 원식 검산: 26 frame
랜덤 바람 원식 검산: 27 frame
랜덤 바람 원식 검산: 28 frame
랜덤 바람 원식 검산: 29 frame
랜덤 바람 원식 검산: 30 frame
랜덤 바람 원식 검산: 31 frame
랜덤 바람 원식 검산: 32 frame
랜덤 바람 원식 검산: 33 frame
랜덤 바람 원식 검산: 34 frame
랜덤 바람 원식 검산: 35 frame
랜덤 바람 원식 검산: 36 frame
랜덤 바람 원식 검산: 37 frame
랜덤 바람 원식 검산: 38 frame
랜덤 바람 원식 검산: 39 frame
랜덤 바람 원식 검산: 40 frame
랜덤 바람 원식 검산: 41 frame
랜덤 바람 원식 검산: 42 frame
랜덤 바람 원식 검산: 43 frame
랜덤 바람 원식 검산: 44 frame
랜덤 바람 원식 검산: 45 frame
랜덤 바람 원식 검산: 46 frame
랜덤 바람 원식 검산: 47 frame
랜덤 바람 원식 검산: 48 frame
랜덤 바람 원식 검산: 49 frame
랜덤 바람 원식 검산: 50 frame
랜덤 바람 원식 검산: 51 frame
랜덤 바람 원식 검산: 52 frame
랜덤 바람 원식 검산: 53 frame
랜덤 바람 원식 검산: 54 frame
랜덤 바람 원식 검산: 55 frame
랜덤 바람 원식 검산: 56 frame
랜덤 바람 원식 검산: 57 frame
랜덤 바람 원식 검산: 58 frame
랜덤 바람 원식 검산: 59 frame
랜덤 바람 원식 검산: 60 frame
랜덤 바람 원식 검산: 61 frame
랜덤 바람 원식 검산: 62 frame
랜덤 바람 원식 검산: 63 frame
랜덤 바람 원식 검산: 64 frame
랜덤 바람 원식 검산: 65 frame
랜덤 바람 원식 검산: 66 frame
랜덤 바람 원식 검산: 67 frame
랜덤 바람 원식 검산: 68 frame
랜덤 바람 원식 검산: 69 frame
랜덤 바람 원식 검산: 70 frame
랜덤 바람 원식 검산: 71 frame
랜덤 바람 원식 검산: 72 frame
랜덤 바람 원식 검산: 73 frame
랜덤 바람 원식 검산: 74 frame
랜덤 바람 원식 검산: 75 frame
랜덤 바람 원식 검산: 76 frame
랜덤 바람 원식 검산: 77 frame
랜덤 바람 원식 검산: 78 frame
랜덤 바람 원식 검산: 79 frame
랜덤 바람 원식 검산: 80 frame
랜덤 바람 원식 검산: 81 frame
랜덤 바람 원식 검산: 82 frame
랜덤 바람 원식 검산: 83 frame
랜덤 바람 원식 검산: 84 frame
랜덤 바람 원식 검산: 85 frame
랜덤 바람 원식 검산: 86 frame
랜덤 바람 원식 검산: 87 frame
랜덤 바람 원식 검산: 88 frame
랜덤 바람 원식 검산: 89 frame
랜덤 바람 원식 검산: 90 frame
랜덤 바람 원본 검산 완료 / 추가 학습데이터0
P3 shell 랜덤 바람 결과 폴더: experiments/artifacts/runs/teacher_p3_shell_random/20260909_scale4_natural_m16_s256_v1_checkpoint42_replay
Warp UserWarning: Kernel cache artifacts from a previous Warp version were found in '<workspace>/code/outputs/warp-cache'. These will be ignored. You can safely delete them.
Warp 1.17.0 initialized:
   CUDA Toolkit 12.9, Driver 13.0
   Devices:
     "cpu"      : "x86_64"
     "cuda:0"   : "NVIDIA GeForce GTX 1080 Ti" (11 GiB, sm_61, mempool enabled)
   Kernel cache:
     <workspace>/code/outputs/warp-cache/1.17.0
Module wind3dgs.teacher.p3_shell_warp_kernels 5484a0d load on device 'cuda:0' took 10.96 ms  (cached)
랜덤 바람 전진: mesh16 / sub256 / natural/replay / frame43/43
랜덤 바람 실행 종료: completed / 추가 학습데이터0
Warp UserWarning: Kernel cache artifacts from a previous Warp version were found in '<workspace>/code/outputs/warp-cache'. These will be ignored. You can safely delete them.
Warp 1.17.0 initialized:
   CUDA Toolkit 12.9, Driver 13.0
   Devices:
     "cpu"      : "x86_64"
     "cuda:0"   : "NVIDIA GeForce GTX 1080 Ti" (11 GiB, sm_61, mempool enabled)
   Kernel cache:
     <workspace>/code/outputs/warp-cache/1.17.0
Module wind3dgs.teacher.p3_shell_warp_kernels 5484a0d load on device 'cuda:0' took 2.86 ms  (cached)
랜덤 바람 원식 검산: 43 frame
랜덤 바람 원본 검산 완료 / 추가 학습데이터0
Checkpoint42 저장 재시작의 모든 배열/step diagnostics 정확히 일치
P3 shell 랜덤 바람 결과 폴더: experiments/artifacts/runs/teacher_p3_shell_random/20260909_scale4_natural_m16_s256_v1_reset18
Warp UserWarning: Kernel cache artifacts from a previous Warp version were found in '<workspace>/code/outputs/warp-cache'. These will be ignored. You can safely delete them.
Warp 1.17.0 initialized:
   CUDA Toolkit 12.9, Driver 13.0
   Devices:
     "cpu"      : "x86_64"
     "cuda:0"   : "NVIDIA GeForce GTX 1080 Ti" (11 GiB, sm_61, mempool enabled)
   Kernel cache:
     <workspace>/code/outputs/warp-cache/1.17.0
Module wind3dgs.teacher.p3_shell_warp_kernels 5484a0d load on device 'cuda:0' took 10.13 ms  (cached)
랜덤 바람 전진: mesh16 / sub256 / reset18 / frame19/90
랜덤 바람 전진: mesh16 / sub256 / reset18 / frame20/90
랜덤 바람 전진: mesh16 / sub256 / reset18 / frame21/90
랜덤 바람 전진: mesh16 / sub256 / reset18 / frame22/90
랜덤 바람 전진: mesh16 / sub256 / reset18 / frame23/90
랜덤 바람 전진: mesh16 / sub256 / reset18 / frame24/90
랜덤 바람 전진: mesh16 / sub256 / reset18 / frame25/90
랜덤 바람 전진: mesh16 / sub256 / reset18 / frame26/90
랜덤 바람 전진: mesh16 / sub256 / reset18 / frame27/90
랜덤 바람 전진: mesh16 / sub256 / reset18 / frame28/90
랜덤 바람 전진: mesh16 / sub256 / reset18 / frame29/90
랜덤 바람 전진: mesh16 / sub256 / reset18 / frame30/90
랜덤 바람 전진: mesh16 / sub256 / reset18 / frame31/90
랜덤 바람 전진: mesh16 / sub256 / reset18 / frame32/90
랜덤 바람 전진: mesh16 / sub256 / reset18 / frame33/90
랜덤 바람 전진: mesh16 / sub256 / reset18 / frame34/90
랜덤 바람 전진: mesh16 / sub256 / reset18 / frame35/90
랜덤 바람 전진: mesh16 / sub256 / reset18 / frame36/90
랜덤 바람 전진: mesh16 / sub256 / reset18 / frame37/90
랜덤 바람 전진: mesh16 / sub256 / reset18 / frame38/90
랜덤 바람 전진: mesh16 / sub256 / reset18 / frame39/90
랜덤 바람 전진: mesh16 / sub256 / reset18 / frame40/90
랜덤 바람 전진: mesh16 / sub256 / reset18 / frame41/90
랜덤 바람 전진: mesh16 / sub256 / reset18 / frame42/90
랜덤 바람 전진: mesh16 / sub256 / reset18 / frame43/90
랜덤 바람 전진: mesh16 / sub256 / reset18 / frame44/90
랜덤 바람 전진: mesh16 / sub256 / reset18 / frame45/90
랜덤 바람 전진: mesh16 / sub256 / reset18 / frame46/90
랜덤 바람 전진: mesh16 / sub256 / reset18 / frame47/90
랜덤 바람 전진: mesh16 / sub256 / reset18 / frame48/90
랜덤 바람 전진: mesh16 / sub256 / reset18 / frame49/90
랜덤 바람 전진: mesh16 / sub256 / reset18 / frame50/90
랜덤 바람 전진: mesh16 / sub256 / reset18 / frame51/90
랜덤 바람 전진: mesh16 / sub256 / reset18 / frame52/90
랜덤 바람 전진: mesh16 / sub256 / reset18 / frame53/90
랜덤 바람 전진: mesh16 / sub256 / reset18 / frame54/90
랜덤 바람 전진: mesh16 / sub256 / reset18 / frame55/90
랜덤 바람 전진: mesh16 / sub256 / reset18 / frame56/90
랜덤 바람 전진: mesh16 / sub256 / reset18 / frame57/90
랜덤 바람 전진: mesh16 / sub256 / reset18 / frame58/90
랜덤 바람 전진: mesh16 / sub256 / reset18 / frame59/90
랜덤 바람 전진: mesh16 / sub256 / reset18 / frame60/90
랜덤 바람 전진: mesh16 / sub256 / reset18 / frame61/90
랜덤 바람 전진: mesh16 / sub256 / reset18 / frame62/90
랜덤 바람 전진: mesh16 / sub256 / reset18 / frame63/90
랜덤 바람 전진: mesh16 / sub256 / reset18 / frame64/90
랜덤 바람 전진: mesh16 / sub256 / reset18 / frame65/90
랜덤 바람 전진: mesh16 / sub256 / reset18 / frame66/90
랜덤 바람 전진: mesh16 / sub256 / reset18 / frame67/90
랜덤 바람 전진: mesh16 / sub256 / reset18 / frame68/90
랜덤 바람 전진: mesh16 / sub256 / reset18 / frame69/90
랜덤 바람 전진: mesh16 / sub256 / reset18 / frame70/90
랜덤 바람 전진: mesh16 / sub256 / reset18 / frame71/90
랜덤 바람 전진: mesh16 / sub256 / reset18 / frame72/90
랜덤 바람 전진: mesh16 / sub256 / reset18 / frame73/90
랜덤 바람 전진: mesh16 / sub256 / reset18 / frame74/90
랜덤 바람 전진: mesh16 / sub256 / reset18 / frame75/90
랜덤 바람 전진: mesh16 / sub256 / reset18 / frame76/90
랜덤 바람 전진: mesh16 / sub256 / reset18 / frame77/90
랜덤 바람 전진: mesh16 / sub256 / reset18 / frame78/90
랜덤 바람 전진: mesh16 / sub256 / reset18 / frame79/90
랜덤 바람 전진: mesh16 / sub256 / reset18 / frame80/90
랜덤 바람 전진: mesh16 / sub256 / reset18 / frame81/90
랜덤 바람 전진: mesh16 / sub256 / reset18 / frame82/90
랜덤 바람 전진: mesh16 / sub256 / reset18 / frame83/90
랜덤 바람 전진: mesh16 / sub256 / reset18 / frame84/90
랜덤 바람 전진: mesh16 / sub256 / reset18 / frame85/90
랜덤 바람 전진: mesh16 / sub256 / reset18 / frame86/90
랜덤 바람 전진: mesh16 / sub256 / reset18 / frame87/90
랜덤 바람 전진: mesh16 / sub256 / reset18 / frame88/90
랜덤 바람 전진: mesh16 / sub256 / reset18 / frame89/90
랜덤 바람 전진: mesh16 / sub256 / reset18 / frame90/90
랜덤 바람 실행 종료: completed / 추가 학습데이터0
Warp UserWarning: Kernel cache artifacts from a previous Warp version were found in '<workspace>/code/outputs/warp-cache'. These will be ignored. You can safely delete them.
Warp 1.17.0 initialized:
   CUDA Toolkit 12.9, Driver 13.0
   Devices:
     "cpu"      : "x86_64"
     "cuda:0"   : "NVIDIA GeForce GTX 1080 Ti" (11 GiB, sm_61, mempool enabled)
   Kernel cache:
     <workspace>/code/outputs/warp-cache/1.17.0
Module wind3dgs.teacher.p3_shell_warp_kernels 5484a0d load on device 'cuda:0' took 2.14 ms  (cached)
랜덤 바람 원식 검산: 19 frame
랜덤 바람 원식 검산: 20 frame
랜덤 바람 원식 검산: 21 frame
랜덤 바람 원식 검산: 22 frame
랜덤 바람 원식 검산: 23 frame
랜덤 바람 원식 검산: 24 frame
랜덤 바람 원식 검산: 25 frame
랜덤 바람 원식 검산: 26 frame
랜덤 바람 원식 검산: 27 frame
랜덤 바람 원식 검산: 28 frame
랜덤 바람 원식 검산: 29 frame
랜덤 바람 원식 검산: 30 frame
랜덤 바람 원식 검산: 31 frame
랜덤 바람 원식 검산: 32 frame
랜덤 바람 원식 검산: 33 frame
랜덤 바람 원식 검산: 34 frame
랜덤 바람 원식 검산: 35 frame
랜덤 바람 원식 검산: 36 frame
랜덤 바람 원식 검산: 37 frame
랜덤 바람 원식 검산: 38 frame
랜덤 바람 원식 검산: 39 frame
랜덤 바람 원식 검산: 40 frame
랜덤 바람 원식 검산: 41 frame
랜덤 바람 원식 검산: 42 frame
랜덤 바람 원식 검산: 43 frame
랜덤 바람 원식 검산: 44 frame
랜덤 바람 원식 검산: 45 frame
랜덤 바람 원식 검산: 46 frame
랜덤 바람 원식 검산: 47 frame
랜덤 바람 원식 검산: 48 frame
랜덤 바람 원식 검산: 49 frame
랜덤 바람 원식 검산: 50 frame
랜덤 바람 원식 검산: 51 frame
랜덤 바람 원식 검산: 52 frame
랜덤 바람 원식 검산: 53 frame
랜덤 바람 원식 검산: 54 frame
랜덤 바람 원식 검산: 55 frame
랜덤 바람 원식 검산: 56 frame
랜덤 바람 원식 검산: 57 frame
랜덤 바람 원식 검산: 58 frame
랜덤 바람 원식 검산: 59 frame
랜덤 바람 원식 검산: 60 frame
랜덤 바람 원식 검산: 61 frame
랜덤 바람 원식 검산: 62 frame
랜덤 바람 원식 검산: 63 frame
랜덤 바람 원식 검산: 64 frame
랜덤 바람 원식 검산: 65 frame
랜덤 바람 원식 검산: 66 frame
랜덤 바람 원식 검산: 67 frame
랜덤 바람 원식 검산: 68 frame
랜덤 바람 원식 검산: 69 frame
랜덤 바람 원식 검산: 70 frame
랜덤 바람 원식 검산: 71 frame
랜덤 바람 원식 검산: 72 frame
랜덤 바람 원식 검산: 73 frame
랜덤 바람 원식 검산: 74 frame
랜덤 바람 원식 검산: 75 frame
랜덤 바람 원식 검산: 76 frame
랜덤 바람 원식 검산: 77 frame
랜덤 바람 원식 검산: 78 frame
랜덤 바람 원식 검산: 79 frame
랜덤 바람 원식 검산: 80 frame
랜덤 바람 원식 검산: 81 frame
랜덤 바람 원식 검산: 82 frame
랜덤 바람 원식 검산: 83 frame
랜덤 바람 원식 검산: 84 frame
랜덤 바람 원식 검산: 85 frame
랜덤 바람 원식 검산: 86 frame
랜덤 바람 원식 검산: 87 frame
랜덤 바람 원식 검산: 88 frame
랜덤 바람 원식 검산: 89 frame
랜덤 바람 원식 검산: 90 frame
랜덤 바람 원본 검산 완료 / 추가 학습데이터0
P3 shell 랜덤 바람 결과 폴더: experiments/artifacts/runs/teacher_p3_shell_random/20260909_scale4_natural_m16_s256_v1_reset42
Warp UserWarning: Kernel cache artifacts from a previous Warp version were found in '<workspace>/code/outputs/warp-cache'. These will be ignored. You can safely delete them.
Warp 1.17.0 initialized:
   CUDA Toolkit 12.9, Driver 13.0
   Devices:
     "cpu"      : "x86_64"
     "cuda:0"   : "NVIDIA GeForce GTX 1080 Ti" (11 GiB, sm_61, mempool enabled)
   Kernel cache:
     <workspace>/code/outputs/warp-cache/1.17.0
Module wind3dgs.teacher.p3_shell_warp_kernels 5484a0d load on device 'cuda:0' took 2.41 ms  (cached)
랜덤 바람 전진: mesh16 / sub256 / reset42 / frame43/90
랜덤 바람 전진: mesh16 / sub256 / reset42 / frame44/90
랜덤 바람 전진: mesh16 / sub256 / reset42 / frame45/90
랜덤 바람 전진: mesh16 / sub256 / reset42 / frame46/90
랜덤 바람 전진: mesh16 / sub256 / reset42 / frame47/90
랜덤 바람 전진: mesh16 / sub256 / reset42 / frame48/90
랜덤 바람 전진: mesh16 / sub256 / reset42 / frame49/90
랜덤 바람 전진: mesh16 / sub256 / reset42 / frame50/90
랜덤 바람 전진: mesh16 / sub256 / reset42 / frame51/90
랜덤 바람 전진: mesh16 / sub256 / reset42 / frame52/90
랜덤 바람 전진: mesh16 / sub256 / reset42 / frame53/90
랜덤 바람 전진: mesh16 / sub256 / reset42 / frame54/90
랜덤 바람 전진: mesh16 / sub256 / reset42 / frame55/90
랜덤 바람 전진: mesh16 / sub256 / reset42 / frame56/90
랜덤 바람 전진: mesh16 / sub256 / reset42 / frame57/90
랜덤 바람 전진: mesh16 / sub256 / reset42 / frame58/90
랜덤 바람 전진: mesh16 / sub256 / reset42 / frame59/90
랜덤 바람 전진: mesh16 / sub256 / reset42 / frame60/90
랜덤 바람 전진: mesh16 / sub256 / reset42 / frame61/90
랜덤 바람 전진: mesh16 / sub256 / reset42 / frame62/90
랜덤 바람 전진: mesh16 / sub256 / reset42 / frame63/90
랜덤 바람 전진: mesh16 / sub256 / reset42 / frame64/90
랜덤 바람 전진: mesh16 / sub256 / reset42 / frame65/90
랜덤 바람 전진: mesh16 / sub256 / reset42 / frame66/90
랜덤 바람 전진: mesh16 / sub256 / reset42 / frame67/90
랜덤 바람 전진: mesh16 / sub256 / reset42 / frame68/90
랜덤 바람 전진: mesh16 / sub256 / reset42 / frame69/90
랜덤 바람 전진: mesh16 / sub256 / reset42 / frame70/90
랜덤 바람 전진: mesh16 / sub256 / reset42 / frame71/90
랜덤 바람 전진: mesh16 / sub256 / reset42 / frame72/90
랜덤 바람 전진: mesh16 / sub256 / reset42 / frame73/90
랜덤 바람 전진: mesh16 / sub256 / reset42 / frame74/90
랜덤 바람 전진: mesh16 / sub256 / reset42 / frame75/90
랜덤 바람 전진: mesh16 / sub256 / reset42 / frame76/90
랜덤 바람 전진: mesh16 / sub256 / reset42 / frame77/90
랜덤 바람 전진: mesh16 / sub256 / reset42 / frame78/90
랜덤 바람 전진: mesh16 / sub256 / reset42 / frame79/90
랜덤 바람 전진: mesh16 / sub256 / reset42 / frame80/90
랜덤 바람 전진: mesh16 / sub256 / reset42 / frame81/90
랜덤 바람 전진: mesh16 / sub256 / reset42 / frame82/90
랜덤 바람 전진: mesh16 / sub256 / reset42 / frame83/90
랜덤 바람 전진: mesh16 / sub256 / reset42 / frame84/90
랜덤 바람 전진: mesh16 / sub256 / reset42 / frame85/90
랜덤 바람 전진: mesh16 / sub256 / reset42 / frame86/90
랜덤 바람 전진: mesh16 / sub256 / reset42 / frame87/90
랜덤 바람 전진: mesh16 / sub256 / reset42 / frame88/90
랜덤 바람 전진: mesh16 / sub256 / reset42 / frame89/90
랜덤 바람 전진: mesh16 / sub256 / reset42 / frame90/90
랜덤 바람 실행 종료: completed / 추가 학습데이터0
Warp UserWarning: Kernel cache artifacts from a previous Warp version were found in '<workspace>/code/outputs/warp-cache'. These will be ignored. You can safely delete them.
Warp 1.17.0 initialized:
   CUDA Toolkit 12.9, Driver 13.0
   Devices:
     "cpu"      : "x86_64"
     "cuda:0"   : "NVIDIA GeForce GTX 1080 Ti" (11 GiB, sm_61, mempool enabled)
   Kernel cache:
     <workspace>/code/outputs/warp-cache/1.17.0
Module wind3dgs.teacher.p3_shell_warp_kernels 5484a0d load on device 'cuda:0' took 10.29 ms  (cached)
랜덤 바람 원식 검산: 43 frame
랜덤 바람 원식 검산: 44 frame
랜덤 바람 원식 검산: 45 frame
랜덤 바람 원식 검산: 46 frame
랜덤 바람 원식 검산: 47 frame
랜덤 바람 원식 검산: 48 frame
랜덤 바람 원식 검산: 49 frame
랜덤 바람 원식 검산: 50 frame
랜덤 바람 원식 검산: 51 frame
랜덤 바람 원식 검산: 52 frame
랜덤 바람 원식 검산: 53 frame
랜덤 바람 원식 검산: 54 frame
랜덤 바람 원식 검산: 55 frame
랜덤 바람 원식 검산: 56 frame
랜덤 바람 원식 검산: 57 frame
랜덤 바람 원식 검산: 58 frame
랜덤 바람 원식 검산: 59 frame
랜덤 바람 원식 검산: 60 frame
랜덤 바람 원식 검산: 61 frame
랜덤 바람 원식 검산: 62 frame
랜덤 바람 원식 검산: 63 frame
랜덤 바람 원식 검산: 64 frame
랜덤 바람 원식 검산: 65 frame
랜덤 바람 원식 검산: 66 frame
랜덤 바람 원식 검산: 67 frame
랜덤 바람 원식 검산: 68 frame
랜덤 바람 원식 검산: 69 frame
랜덤 바람 원식 검산: 70 frame
랜덤 바람 원식 검산: 71 frame
랜덤 바람 원식 검산: 72 frame
랜덤 바람 원식 검산: 73 frame
랜덤 바람 원식 검산: 74 frame
랜덤 바람 원식 검산: 75 frame
랜덤 바람 원식 검산: 76 frame
랜덤 바람 원식 검산: 77 frame
랜덤 바람 원식 검산: 78 frame
랜덤 바람 원식 검산: 79 frame
랜덤 바람 원식 검산: 80 frame
랜덤 바람 원식 검산: 81 frame
랜덤 바람 원식 검산: 82 frame
랜덤 바람 원식 검산: 83 frame
랜덤 바람 원식 검산: 84 frame
랜덤 바람 원식 검산: 85 frame
랜덤 바람 원식 검산: 86 frame
랜덤 바람 원식 검산: 87 frame
랜덤 바람 원식 검산: 88 frame
랜덤 바람 원식 검산: 89 frame
랜덤 바람 원식 검산: 90 frame
랜덤 바람 원본 검산 완료 / 추가 학습데이터0
P3 shell 랜덤 바람 결과 폴더: experiments/artifacts/runs/teacher_p3_shell_random/20260909_scale4_natural_m16_s256_v1_reset66
Warp UserWarning: Kernel cache artifacts from a previous Warp version were found in '<workspace>/code/outputs/warp-cache'. These will be ignored. You can safely delete them.
Warp 1.17.0 initialized:
   CUDA Toolkit 12.9, Driver 13.0
   Devices:
     "cpu"      : "x86_64"
     "cuda:0"   : "NVIDIA GeForce GTX 1080 Ti" (11 GiB, sm_61, mempool enabled)
   Kernel cache:
     <workspace>/code/outputs/warp-cache/1.17.0
Module wind3dgs.teacher.p3_shell_warp_kernels 5484a0d load on device 'cuda:0' took 2.20 ms  (cached)
랜덤 바람 전진: mesh16 / sub256 / reset66 / frame67/90
랜덤 바람 전진: mesh16 / sub256 / reset66 / frame68/90
랜덤 바람 전진: mesh16 / sub256 / reset66 / frame69/90
랜덤 바람 전진: mesh16 / sub256 / reset66 / frame70/90
랜덤 바람 전진: mesh16 / sub256 / reset66 / frame71/90
랜덤 바람 전진: mesh16 / sub256 / reset66 / frame72/90
랜덤 바람 전진: mesh16 / sub256 / reset66 / frame73/90
랜덤 바람 전진: mesh16 / sub256 / reset66 / frame74/90
랜덤 바람 전진: mesh16 / sub256 / reset66 / frame75/90
랜덤 바람 전진: mesh16 / sub256 / reset66 / frame76/90
랜덤 바람 전진: mesh16 / sub256 / reset66 / frame77/90
랜덤 바람 전진: mesh16 / sub256 / reset66 / frame78/90
랜덤 바람 전진: mesh16 / sub256 / reset66 / frame79/90
랜덤 바람 전진: mesh16 / sub256 / reset66 / frame80/90
랜덤 바람 전진: mesh16 / sub256 / reset66 / frame81/90
랜덤 바람 전진: mesh16 / sub256 / reset66 / frame82/90
랜덤 바람 전진: mesh16 / sub256 / reset66 / frame83/90
랜덤 바람 전진: mesh16 / sub256 / reset66 / frame84/90
랜덤 바람 전진: mesh16 / sub256 / reset66 / frame85/90
랜덤 바람 전진: mesh16 / sub256 / reset66 / frame86/90
랜덤 바람 전진: mesh16 / sub256 / reset66 / frame87/90
랜덤 바람 전진: mesh16 / sub256 / reset66 / frame88/90
랜덤 바람 전진: mesh16 / sub256 / reset66 / frame89/90
랜덤 바람 전진: mesh16 / sub256 / reset66 / frame90/90
랜덤 바람 실행 종료: completed / 추가 학습데이터0
Warp UserWarning: Kernel cache artifacts from a previous Warp version were found in '<workspace>/code/outputs/warp-cache'. These will be ignored. You can safely delete them.
Warp 1.17.0 initialized:
   CUDA Toolkit 12.9, Driver 13.0
   Devices:
     "cpu"      : "x86_64"
     "cuda:0"   : "NVIDIA GeForce GTX 1080 Ti" (11 GiB, sm_61, mempool enabled)
   Kernel cache:
     <workspace>/code/outputs/warp-cache/1.17.0
Module wind3dgs.teacher.p3_shell_warp_kernels 5484a0d load on device 'cuda:0' took 3.27 ms  (cached)
랜덤 바람 원식 검산: 67 frame
랜덤 바람 원식 검산: 68 frame
랜덤 바람 원식 검산: 69 frame
랜덤 바람 원식 검산: 70 frame
랜덤 바람 원식 검산: 71 frame
랜덤 바람 원식 검산: 72 frame
랜덤 바람 원식 검산: 73 frame
랜덤 바람 원식 검산: 74 frame
랜덤 바람 원식 검산: 75 frame
랜덤 바람 원식 검산: 76 frame
랜덤 바람 원식 검산: 77 frame
랜덤 바람 원식 검산: 78 frame
랜덤 바람 원식 검산: 79 frame
랜덤 바람 원식 검산: 80 frame
랜덤 바람 원식 검산: 81 frame
랜덤 바람 원식 검산: 82 frame
랜덤 바람 원식 검산: 83 frame
랜덤 바람 원식 검산: 84 frame
랜덤 바람 원식 검산: 85 frame
랜덤 바람 원식 검산: 86 frame
랜덤 바람 원식 검산: 87 frame
랜덤 바람 원식 검산: 88 frame
랜덤 바람 원식 검산: 89 frame
랜덤 바람 원식 검산: 90 frame
랜덤 바람 원본 검산 완료 / 추가 학습데이터0
랜덤 바람 검증 묶음 종료: completed / 추가 학습데이터0
