선형 공간 검사 시작: CPU / 전체 normal 모드 / 9개 사례
사례 시작: n4_forward
사례 완료: n4_forward / 10241 frame
사례 시작: n4_backward
사례 완료: n4_backward / 10241 frame
사례 시작: n4_checkerboard
사례 완료: n4_checkerboard / 10241 frame
사례 시작: n8_forward
사례 완료: n8_forward / 10241 frame
사례 시작: n8_backward
사례 완료: n8_backward / 10241 frame
사례 시작: n8_checkerboard
사례 완료: n8_checkerboard / 10241 frame
사례 시작: n16_forward
사례 완료: n16_forward / 10241 frame
사례 시작: n16_backward
사례 완료: n16_backward / 10241 frame
사례 시작: n16_checkerboard
사례 완료: n16_checkerboard / 10241 frame
검사 종료: 공간 failed / 방향 failed
학습 Teacher 적격성: false / 물리 수렴: not_assessed
