Shell 동역학 진단 시작: CPU NumPy/SciPy
사례 보존: translation / completed / 8/8 step
사례 보존: constant_acceleration / completed / 8/8 step
사례 보존: force_transition / completed / 8/8 step
사례 보존: all_pinned_reaction / completed / 1/1 step
해석 이동·반력·회전 대조 완료
질량·고정점·선형계 확인: forward / n=4
질량·고정점·선형계 확인: forward / n=8
응답 진행: linear_forward_40 / 40/40 step
사례 보존: linear_forward_40 / completed / 40/40 step
응답 진행: linear_forward_80 / 40/80 step
응답 진행: linear_forward_80 / 80/80 step
사례 보존: linear_forward_80 / completed / 80/80 step
응답 진행: linear_forward_160 / 40/160 step
응답 진행: linear_forward_160 / 80/160 step
응답 진행: linear_forward_160 / 120/160 step
응답 진행: linear_forward_160 / 160/160 step
사례 보존: linear_forward_160 / completed / 160/160 step
질량·고정점·선형계 확인: backward / n=4
질량·고정점·선형계 확인: backward / n=8
응답 진행: linear_backward_40 / 40/40 step
사례 보존: linear_backward_40 / completed / 40/40 step
응답 진행: linear_backward_80 / 40/80 step
응답 진행: linear_backward_80 / 80/80 step
사례 보존: linear_backward_80 / completed / 80/80 step
응답 진행: linear_backward_160 / 40/160 step
응답 진행: linear_backward_160 / 80/160 step
응답 진행: linear_backward_160 / 120/160 step
응답 진행: linear_backward_160 / 160/160 step
사례 보존: linear_backward_160 / completed / 160/160 step
질량·고정점·선형계 확인: checkerboard / n=4
질량·고정점·선형계 확인: checkerboard / n=8
응답 진행: linear_checkerboard_40 / 40/40 step
사례 보존: linear_checkerboard_40 / completed / 40/40 step
응답 진행: linear_checkerboard_80 / 40/80 step
응답 진행: linear_checkerboard_80 / 80/80 step
사례 보존: linear_checkerboard_80 / completed / 80/80 step
응답 진행: linear_checkerboard_160 / 40/160 step
응답 진행: linear_checkerboard_160 / 80/160 step
응답 진행: linear_checkerboard_160 / 120/160 step
응답 진행: linear_checkerboard_160 / 160/160 step
사례 보존: linear_checkerboard_160 / completed / 160/160 step
응답 진행: nonlinear_40 / 40/40 step
사례 보존: nonlinear_40 / completed / 40/40 step
응답 진행: nonlinear_80 / 40/80 step
응답 진행: nonlinear_80 / 80/80 step
사례 보존: nonlinear_80 / completed / 80/80 step
응답 진행: nonlinear_160 / 40/160 step
응답 진행: nonlinear_160 / 80/160 step
응답 진행: nonlinear_160 / 120/160 step
응답 진행: nonlinear_160 / 160/160 step
사례 보존: nonlinear_160 / completed / 160/160 step
응답 진행: nonlinear_320 / 40/320 step
응답 진행: nonlinear_320 / 80/320 step
응답 진행: nonlinear_320 / 120/320 step
응답 진행: nonlinear_320 / 160/320 step
응답 진행: nonlinear_320 / 200/320 step
응답 진행: nonlinear_320 / 240/320 step
응답 진행: nonlinear_320 / 280/320 step
응답 진행: nonlinear_320 / 320/320 step
사례 보존: nonlinear_320 / completed / 320/320 step
응답 진행: amplitude_0.0005000 / 40/320 step
응답 진행: amplitude_0.0005000 / 80/320 step
응답 진행: amplitude_0.0005000 / 120/320 step
응답 진행: amplitude_0.0005000 / 160/320 step
응답 진행: amplitude_0.0005000 / 200/320 step
응답 진행: amplitude_0.0005000 / 240/320 step
응답 진행: amplitude_0.0005000 / 280/320 step
응답 진행: amplitude_0.0005000 / 320/320 step
사례 보존: amplitude_0.0005000 / completed / 320/320 step
응답 진행: amplitude_0.0002500 / 40/320 step
응답 진행: amplitude_0.0002500 / 80/320 step
응답 진행: amplitude_0.0002500 / 120/320 step
응답 진행: amplitude_0.0002500 / 160/320 step
응답 진행: amplitude_0.0002500 / 200/320 step
응답 진행: amplitude_0.0002500 / 240/320 step
응답 진행: amplitude_0.0002500 / 280/320 step
응답 진행: amplitude_0.0002500 / 320/320 step
사례 보존: amplitude_0.0002500 / completed / 320/320 step
계산 종료: completed / solver passed / response failed
물리 수렴: not_assessed / 학습 Teacher 채택: false
