Warp UserWarning: Kernel cache artifacts from a previous Warp version were found in '<workspace>/code/outputs/warp-cache'. These will be ignored. You can safely delete them.
Warp 1.17.0 initialized:
   CUDA Toolkit 12.9, Driver 13.0
   Devices:
     "cpu"      : "x86_64"
     "cuda:0"   : "NVIDIA GeForce GTX 1080 Ti" (11 GiB, sm_61, mempool enabled)
   Kernel cache:
     <workspace>/code/outputs/warp-cache/1.17.0
Module wind3dgs.teacher.p3_shell_warp_kernels 5484a0d load on device 'cuda:0' took 1.72 ms  (cached)
랜덤 바람 전진: mesh16 / sub256 / reset66 / frame67/90
랜덤 바람 전진: mesh16 / sub256 / reset66 / frame68/90
랜덤 바람 전진: mesh16 / sub256 / reset66 / frame69/90
랜덤 바람 전진: mesh16 / sub256 / reset66 / frame70/90
랜덤 바람 전진: mesh16 / sub256 / reset66 / frame71/90
랜덤 바람 전진: mesh16 / sub256 / reset66 / frame72/90
랜덤 바람 전진: mesh16 / sub256 / reset66 / frame73/90
랜덤 바람 전진: mesh16 / sub256 / reset66 / frame74/90
랜덤 바람 전진: mesh16 / sub256 / reset66 / frame75/90
랜덤 바람 전진: mesh16 / sub256 / reset66 / frame76/90
랜덤 바람 전진: mesh16 / sub256 / reset66 / frame77/90
랜덤 바람 전진: mesh16 / sub256 / reset66 / frame78/90
랜덤 바람 전진: mesh16 / sub256 / reset66 / frame79/90
랜덤 바람 전진: mesh16 / sub256 / reset66 / frame80/90
랜덤 바람 전진: mesh16 / sub256 / reset66 / frame81/90
랜덤 바람 전진: mesh16 / sub256 / reset66 / frame82/90
랜덤 바람 전진: mesh16 / sub256 / reset66 / frame83/90
랜덤 바람 전진: mesh16 / sub256 / reset66 / frame84/90
랜덤 바람 전진: mesh16 / sub256 / reset66 / frame85/90
랜덤 바람 전진: mesh16 / sub256 / reset66 / frame86/90
랜덤 바람 전진: mesh16 / sub256 / reset66 / frame87/90
랜덤 바람 전진: mesh16 / sub256 / reset66 / frame88/90
랜덤 바람 전진: mesh16 / sub256 / reset66 / frame89/90
랜덤 바람 전진: mesh16 / sub256 / reset66 / frame90/90
