Shell full 시간 refinement 시작: CPU / N=20480·40960·81920 / 공통 10241 시각
원본 상태 검산: reference_a
원본 상태 검산: reference_b
원본 상태 검산: newmark_full_640
원본 상태 검산: newmark_full_1280
원본 상태 검산: newmark_full_2560
원본 상태 검산: newmark_short_5120
원본 상태 검산: newmark_short_10240
네 원본·기준·short 회귀 검산 통과; full 세 해상도 시작
Full 진행: acceleration_full_20480 / 256/20480 step / 4.9s
Full 진행: acceleration_full_20480 / 512/20480 step / 10.1s
Full 진행: acceleration_full_20480 / 768/20480 step / 15.0s
Full 진행: acceleration_full_20480 / 1024/20480 step / 20.2s
Full 진행: acceleration_full_20480 / 1280/20480 step / 25.1s
Full 진행: acceleration_full_20480 / 1536/20480 step / 29.8s
Full 진행: acceleration_full_20480 / 1792/20480 step / 34.7s
Full 진행: acceleration_full_20480 / 2048/20480 step / 39.3s
Full 진행: acceleration_full_20480 / 2304/20480 step / 44.2s
Full 진행: acceleration_full_20480 / 2560/20480 step / 49.0s
Full 진행: acceleration_full_20480 / 2816/20480 step / 53.9s
Full 진행: acceleration_full_20480 / 3072/20480 step / 58.6s
Full 진행: acceleration_full_20480 / 3328/20480 step / 63.5s
Full 진행: acceleration_full_20480 / 3584/20480 step / 68.2s
Full 진행: acceleration_full_20480 / 3840/20480 step / 73.0s
Full 진행: acceleration_full_20480 / 4096/20480 step / 77.7s
Full 진행: acceleration_full_20480 / 4352/20480 step / 82.4s
Full 진행: acceleration_full_20480 / 4608/20480 step / 87.4s
Full 진행: acceleration_full_20480 / 4864/20480 step / 92.1s
Full 진행: acceleration_full_20480 / 5120/20480 step / 97.3s
Full 진행: acceleration_full_20480 / 5376/20480 step / 102.3s
Full 진행: acceleration_full_20480 / 5632/20480 step / 107.5s
Full 진행: acceleration_full_20480 / 5888/20480 step / 112.4s
Full 진행: acceleration_full_20480 / 6144/20480 step / 117.4s
Full 진행: acceleration_full_20480 / 6400/20480 step / 122.2s
Full 진행: acceleration_full_20480 / 6656/20480 step / 127.1s
Full 진행: acceleration_full_20480 / 6912/20480 step / 131.9s
Full 진행: acceleration_full_20480 / 7168/20480 step / 136.8s
Full 진행: acceleration_full_20480 / 7424/20480 step / 141.8s
Full 진행: acceleration_full_20480 / 7680/20480 step / 146.8s
Full 진행: acceleration_full_20480 / 7936/20480 step / 151.6s
Full 진행: acceleration_full_20480 / 8192/20480 step / 156.3s
Full 진행: acceleration_full_20480 / 8448/20480 step / 161.3s
Full 진행: acceleration_full_20480 / 8704/20480 step / 166.0s
Full 진행: acceleration_full_20480 / 8960/20480 step / 170.9s
Full 진행: acceleration_full_20480 / 9216/20480 step / 175.7s
Full 진행: acceleration_full_20480 / 9472/20480 step / 180.6s
Full 진행: acceleration_full_20480 / 9728/20480 step / 185.4s
Full 진행: acceleration_full_20480 / 9984/20480 step / 190.2s
Full 진행: acceleration_full_20480 / 10240/20480 step / 195.0s
Full 진행: acceleration_full_20480 / 10496/20480 step / 200.1s
Full 진행: acceleration_full_20480 / 10752/20480 step / 205.3s
Full 진행: acceleration_full_20480 / 11008/20480 step / 210.4s
Full 진행: acceleration_full_20480 / 11264/20480 step / 215.7s
Full 진행: acceleration_full_20480 / 11520/20480 step / 220.7s
Full 진행: acceleration_full_20480 / 11776/20480 step / 225.8s
Full 진행: acceleration_full_20480 / 12032/20480 step / 230.9s
Full 진행: acceleration_full_20480 / 12288/20480 step / 236.0s
Full 진행: acceleration_full_20480 / 12544/20480 step / 241.1s
Full 진행: acceleration_full_20480 / 12800/20480 step / 246.5s
Full 진행: acceleration_full_20480 / 13056/20480 step / 251.6s
Full 진행: acceleration_full_20480 / 13312/20480 step / 256.5s
Full 진행: acceleration_full_20480 / 13568/20480 step / 261.2s
Full 진행: acceleration_full_20480 / 13824/20480 step / 266.0s
Full 진행: acceleration_full_20480 / 14080/20480 step / 270.7s
Full 진행: acceleration_full_20480 / 14336/20480 step / 275.4s
Full 진행: acceleration_full_20480 / 14592/20480 step / 280.1s
Full 진행: acceleration_full_20480 / 14848/20480 step / 285.1s
Full 진행: acceleration_full_20480 / 15104/20480 step / 289.7s
Full 진행: acceleration_full_20480 / 15360/20480 step / 294.2s
Full 진행: acceleration_full_20480 / 15616/20480 step / 298.8s
Full 진행: acceleration_full_20480 / 15872/20480 step / 303.2s
Full 진행: acceleration_full_20480 / 16128/20480 step / 307.8s
Full 진행: acceleration_full_20480 / 16384/20480 step / 312.3s
Full 진행: acceleration_full_20480 / 16640/20480 step / 316.9s
Full 진행: acceleration_full_20480 / 16896/20480 step / 321.5s
Full 진행: acceleration_full_20480 / 17152/20480 step / 326.1s
Full 진행: acceleration_full_20480 / 17408/20480 step / 330.6s
Full 진행: acceleration_full_20480 / 17664/20480 step / 335.0s
Full 진행: acceleration_full_20480 / 17920/20480 step / 339.5s
Full 진행: acceleration_full_20480 / 18176/20480 step / 343.8s
Full 진행: acceleration_full_20480 / 18432/20480 step / 348.4s
Full 진행: acceleration_full_20480 / 18688/20480 step / 352.9s
Full 진행: acceleration_full_20480 / 18944/20480 step / 357.8s
Full 진행: acceleration_full_20480 / 19200/20480 step / 362.6s
Full 진행: acceleration_full_20480 / 19456/20480 step / 367.8s
Full 진행: acceleration_full_20480 / 19712/20480 step / 372.7s
Full 진행: acceleration_full_20480 / 19968/20480 step / 377.7s
Full 진행: acceleration_full_20480 / 20224/20480 step / 382.5s
Full 진행: acceleration_full_20480 / 20480/20480 step / 387.4s
사례 보존: acceleration_full_20480 / completed / 20480 step 기록
Full 비교: acceleration_full_20480 / 정규화 속도 차이 6.059758%
Full 진행: acceleration_full_40960 / 256/40960 step / 5.0s
Full 진행: acceleration_full_40960 / 512/40960 step / 10.0s
Full 진행: acceleration_full_40960 / 768/40960 step / 15.2s
Full 진행: acceleration_full_40960 / 1024/40960 step / 20.2s
Full 진행: acceleration_full_40960 / 1280/40960 step / 25.3s
Full 진행: acceleration_full_40960 / 1536/40960 step / 30.2s
Full 진행: acceleration_full_40960 / 1792/40960 step / 35.3s
Full 진행: acceleration_full_40960 / 2048/40960 step / 40.3s
Full 진행: acceleration_full_40960 / 2304/40960 step / 45.4s
Full 진행: acceleration_full_40960 / 2560/40960 step / 50.4s
Full 진행: acceleration_full_40960 / 2816/40960 step / 55.5s
Full 진행: acceleration_full_40960 / 3072/40960 step / 60.6s
Full 진행: acceleration_full_40960 / 3328/40960 step / 65.7s
Full 진행: acceleration_full_40960 / 3584/40960 step / 70.7s
Full 진행: acceleration_full_40960 / 3840/40960 step / 75.9s
Full 진행: acceleration_full_40960 / 4096/40960 step / 81.0s
Full 진행: acceleration_full_40960 / 4352/40960 step / 86.2s
Full 진행: acceleration_full_40960 / 4608/40960 step / 91.2s
Full 진행: acceleration_full_40960 / 4864/40960 step / 96.3s
Full 진행: acceleration_full_40960 / 5120/40960 step / 101.5s
Full 진행: acceleration_full_40960 / 5376/40960 step / 106.7s
Full 진행: acceleration_full_40960 / 5632/40960 step / 111.8s
Full 진행: acceleration_full_40960 / 5888/40960 step / 116.8s
Full 진행: acceleration_full_40960 / 6144/40960 step / 121.9s
Full 진행: acceleration_full_40960 / 6400/40960 step / 127.0s
Full 진행: acceleration_full_40960 / 6656/40960 step / 132.3s
Full 진행: acceleration_full_40960 / 6912/40960 step / 137.3s
Full 진행: acceleration_full_40960 / 7168/40960 step / 142.3s
Full 진행: acceleration_full_40960 / 7424/40960 step / 147.4s
Full 진행: acceleration_full_40960 / 7680/40960 step / 152.6s
Full 진행: acceleration_full_40960 / 7936/40960 step / 157.7s
Full 진행: acceleration_full_40960 / 8192/40960 step / 162.8s
Full 진행: acceleration_full_40960 / 8448/40960 step / 167.8s
Full 진행: acceleration_full_40960 / 8704/40960 step / 173.0s
Full 진행: acceleration_full_40960 / 8960/40960 step / 177.9s
Full 진행: acceleration_full_40960 / 9216/40960 step / 183.1s
Full 진행: acceleration_full_40960 / 9472/40960 step / 188.2s
Full 진행: acceleration_full_40960 / 9728/40960 step / 193.5s
Full 진행: acceleration_full_40960 / 9984/40960 step / 198.5s
Full 진행: acceleration_full_40960 / 10240/40960 step / 203.7s
Full 진행: acceleration_full_40960 / 10496/40960 step / 208.7s
Full 진행: acceleration_full_40960 / 10752/40960 step / 213.7s
Full 진행: acceleration_full_40960 / 11008/40960 step / 218.8s
Full 진행: acceleration_full_40960 / 11264/40960 step / 223.9s
Full 진행: acceleration_full_40960 / 11520/40960 step / 229.3s
Full 진행: acceleration_full_40960 / 11776/40960 step / 234.6s
Full 진행: acceleration_full_40960 / 12032/40960 step / 239.9s
Full 진행: acceleration_full_40960 / 12288/40960 step / 245.2s
Full 진행: acceleration_full_40960 / 12544/40960 step / 250.4s
Full 진행: acceleration_full_40960 / 12800/40960 step / 255.7s
Full 진행: acceleration_full_40960 / 13056/40960 step / 261.0s
Full 진행: acceleration_full_40960 / 13312/40960 step / 266.1s
Full 진행: acceleration_full_40960 / 13568/40960 step / 271.3s
Full 진행: acceleration_full_40960 / 13824/40960 step / 276.2s
Full 진행: acceleration_full_40960 / 14080/40960 step / 281.2s
Full 진행: acceleration_full_40960 / 14336/40960 step / 286.3s
Full 진행: acceleration_full_40960 / 14592/40960 step / 291.4s
Full 진행: acceleration_full_40960 / 14848/40960 step / 296.4s
Full 진행: acceleration_full_40960 / 15104/40960 step / 301.5s
Full 진행: acceleration_full_40960 / 15360/40960 step / 306.5s
Full 진행: acceleration_full_40960 / 15616/40960 step / 311.6s
Full 진행: acceleration_full_40960 / 15872/40960 step / 316.5s
Full 진행: acceleration_full_40960 / 16128/40960 step / 321.7s
Full 진행: acceleration_full_40960 / 16384/40960 step / 326.7s
Full 진행: acceleration_full_40960 / 16640/40960 step / 332.0s
Full 진행: acceleration_full_40960 / 16896/40960 step / 337.0s
Full 진행: acceleration_full_40960 / 17152/40960 step / 342.1s
Full 진행: acceleration_full_40960 / 17408/40960 step / 347.2s
Full 진행: acceleration_full_40960 / 17664/40960 step / 352.3s
Full 진행: acceleration_full_40960 / 17920/40960 step / 357.3s
Full 진행: acceleration_full_40960 / 18176/40960 step / 362.4s
Full 진행: acceleration_full_40960 / 18432/40960 step / 367.4s
Full 진행: acceleration_full_40960 / 18688/40960 step / 372.5s
Full 진행: acceleration_full_40960 / 18944/40960 step / 377.6s
Full 진행: acceleration_full_40960 / 19200/40960 step / 382.7s
Full 진행: acceleration_full_40960 / 19456/40960 step / 387.8s
Full 진행: acceleration_full_40960 / 19712/40960 step / 392.8s
Full 진행: acceleration_full_40960 / 19968/40960 step / 397.9s
Full 진행: acceleration_full_40960 / 20224/40960 step / 403.0s
Full 진행: acceleration_full_40960 / 20480/40960 step / 407.9s
Full 진행: acceleration_full_40960 / 20736/40960 step / 413.0s
Full 진행: acceleration_full_40960 / 20992/40960 step / 418.1s
Full 진행: acceleration_full_40960 / 21248/40960 step / 423.2s
Full 진행: acceleration_full_40960 / 21504/40960 step / 428.3s
Full 진행: acceleration_full_40960 / 21760/40960 step / 433.2s
Full 진행: acceleration_full_40960 / 22016/40960 step / 438.3s
Full 진행: acceleration_full_40960 / 22272/40960 step / 443.3s
Full 진행: acceleration_full_40960 / 22528/40960 step / 448.3s
Full 진행: acceleration_full_40960 / 22784/40960 step / 453.4s
Full 진행: acceleration_full_40960 / 23040/40960 step / 458.5s
Full 진행: acceleration_full_40960 / 23296/40960 step / 463.6s
Full 진행: acceleration_full_40960 / 23552/40960 step / 468.6s
Full 진행: acceleration_full_40960 / 23808/40960 step / 473.8s
Full 진행: acceleration_full_40960 / 24064/40960 step / 478.9s
Full 진행: acceleration_full_40960 / 24320/40960 step / 483.7s
Full 진행: acceleration_full_40960 / 24576/40960 step / 488.8s
Full 진행: acceleration_full_40960 / 24832/40960 step / 493.8s
Full 진행: acceleration_full_40960 / 25088/40960 step / 499.0s
Full 진행: acceleration_full_40960 / 25344/40960 step / 504.1s
Full 진행: acceleration_full_40960 / 25600/40960 step / 509.2s
Full 진행: acceleration_full_40960 / 25856/40960 step / 514.2s
Full 진행: acceleration_full_40960 / 26112/40960 step / 519.3s
Full 진행: acceleration_full_40960 / 26368/40960 step / 524.5s
Full 진행: acceleration_full_40960 / 26624/40960 step / 529.7s
Full 진행: acceleration_full_40960 / 26880/40960 step / 535.0s
Full 진행: acceleration_full_40960 / 27136/40960 step / 540.1s
Full 진행: acceleration_full_40960 / 27392/40960 step / 545.3s
Full 진행: acceleration_full_40960 / 27648/40960 step / 550.3s
Full 진행: acceleration_full_40960 / 27904/40960 step / 555.3s
Full 진행: acceleration_full_40960 / 28160/40960 step / 560.4s
Full 진행: acceleration_full_40960 / 28416/40960 step / 565.4s
Full 진행: acceleration_full_40960 / 28672/40960 step / 570.6s
Full 진행: acceleration_full_40960 / 28928/40960 step / 575.8s
Full 진행: acceleration_full_40960 / 29184/40960 step / 581.0s
Full 진행: acceleration_full_40960 / 29440/40960 step / 586.0s
Full 진행: acceleration_full_40960 / 29696/40960 step / 591.1s
Full 진행: acceleration_full_40960 / 29952/40960 step / 596.3s
Full 진행: acceleration_full_40960 / 30208/40960 step / 601.4s
Full 진행: acceleration_full_40960 / 30464/40960 step / 606.7s
Full 진행: acceleration_full_40960 / 30720/40960 step / 611.8s
Full 진행: acceleration_full_40960 / 30976/40960 step / 617.0s
Full 진행: acceleration_full_40960 / 31232/40960 step / 622.0s
Full 진행: acceleration_full_40960 / 31488/40960 step / 627.1s
Full 진행: acceleration_full_40960 / 31744/40960 step / 632.4s
Full 진행: acceleration_full_40960 / 32000/40960 step / 637.4s
Full 진행: acceleration_full_40960 / 32256/40960 step / 642.6s
Full 진행: acceleration_full_40960 / 32512/40960 step / 647.7s
Full 진행: acceleration_full_40960 / 32768/40960 step / 652.9s
Full 진행: acceleration_full_40960 / 33024/40960 step / 658.0s
Full 진행: acceleration_full_40960 / 33280/40960 step / 663.0s
Full 진행: acceleration_full_40960 / 33536/40960 step / 668.2s
Full 진행: acceleration_full_40960 / 33792/40960 step / 673.2s
Full 진행: acceleration_full_40960 / 34048/40960 step / 678.3s
Full 진행: acceleration_full_40960 / 34304/40960 step / 683.5s
Full 진행: acceleration_full_40960 / 34560/40960 step / 688.8s
Full 진행: acceleration_full_40960 / 34816/40960 step / 693.8s
Full 진행: acceleration_full_40960 / 35072/40960 step / 698.7s
Full 진행: acceleration_full_40960 / 35328/40960 step / 703.9s
Full 진행: acceleration_full_40960 / 35584/40960 step / 708.9s
Full 진행: acceleration_full_40960 / 35840/40960 step / 714.1s
Full 진행: acceleration_full_40960 / 36096/40960 step / 719.1s
Full 진행: acceleration_full_40960 / 36352/40960 step / 724.3s
Full 진행: acceleration_full_40960 / 36608/40960 step / 729.3s
Full 진행: acceleration_full_40960 / 36864/40960 step / 734.3s
Full 진행: acceleration_full_40960 / 37120/40960 step / 739.6s
Full 진행: acceleration_full_40960 / 37376/40960 step / 744.6s
Full 진행: acceleration_full_40960 / 37632/40960 step / 749.8s
Full 진행: acceleration_full_40960 / 37888/40960 step / 755.0s
Full 진행: acceleration_full_40960 / 38144/40960 step / 760.3s
Full 진행: acceleration_full_40960 / 38400/40960 step / 765.4s
Full 진행: acceleration_full_40960 / 38656/40960 step / 770.6s
Full 진행: acceleration_full_40960 / 38912/40960 step / 775.9s
Full 진행: acceleration_full_40960 / 39168/40960 step / 781.0s
Full 진행: acceleration_full_40960 / 39424/40960 step / 786.1s
Full 진행: acceleration_full_40960 / 39680/40960 step / 791.1s
Full 진행: acceleration_full_40960 / 39936/40960 step / 796.0s
Full 진행: acceleration_full_40960 / 40192/40960 step / 800.5s
Full 진행: acceleration_full_40960 / 40448/40960 step / 805.0s
Full 진행: acceleration_full_40960 / 40704/40960 step / 809.9s
Full 진행: acceleration_full_40960 / 40960/40960 step / 814.5s
사례 보존: acceleration_full_40960 / completed / 40960 step 기록
Full 비교: acceleration_full_40960 / 정규화 속도 차이 2.974723%
Full 진행: acceleration_full_81920 / 256/81920 step / 4.3s
Full 진행: acceleration_full_81920 / 512/81920 step / 8.4s
Full 진행: acceleration_full_81920 / 768/81920 step / 12.6s
Full 진행: acceleration_full_81920 / 1024/81920 step / 16.7s
Full 진행: acceleration_full_81920 / 1280/81920 step / 21.0s
Full 진행: acceleration_full_81920 / 1536/81920 step / 25.1s
Full 진행: acceleration_full_81920 / 1792/81920 step / 29.3s
Full 진행: acceleration_full_81920 / 2048/81920 step / 33.4s
Full 진행: acceleration_full_81920 / 2304/81920 step / 37.7s
Full 진행: acceleration_full_81920 / 2560/81920 step / 41.9s
Full 진행: acceleration_full_81920 / 2816/81920 step / 46.1s
Full 진행: acceleration_full_81920 / 3072/81920 step / 50.5s
Full 진행: acceleration_full_81920 / 3328/81920 step / 54.6s
Full 진행: acceleration_full_81920 / 3584/81920 step / 59.1s
Full 진행: acceleration_full_81920 / 3840/81920 step / 63.4s
Full 진행: acceleration_full_81920 / 4096/81920 step / 67.5s
Full 진행: acceleration_full_81920 / 4352/81920 step / 71.7s
Full 진행: acceleration_full_81920 / 4608/81920 step / 76.1s
Full 진행: acceleration_full_81920 / 4864/81920 step / 80.2s
Full 진행: acceleration_full_81920 / 5120/81920 step / 84.5s
Full 진행: acceleration_full_81920 / 5376/81920 step / 88.6s
Full 진행: acceleration_full_81920 / 5632/81920 step / 93.0s
Full 진행: acceleration_full_81920 / 5888/81920 step / 97.1s
Full 진행: acceleration_full_81920 / 6144/81920 step / 101.3s
Full 진행: acceleration_full_81920 / 6400/81920 step / 105.6s
Full 진행: acceleration_full_81920 / 6656/81920 step / 109.7s
Full 진행: acceleration_full_81920 / 6912/81920 step / 113.9s
Full 진행: acceleration_full_81920 / 7168/81920 step / 118.1s
Full 진행: acceleration_full_81920 / 7424/81920 step / 122.3s
Full 진행: acceleration_full_81920 / 7680/81920 step / 126.5s
Full 진행: acceleration_full_81920 / 7936/81920 step / 130.9s
Full 진행: acceleration_full_81920 / 8192/81920 step / 135.1s
Full 진행: acceleration_full_81920 / 8448/81920 step / 139.4s
Full 진행: acceleration_full_81920 / 8704/81920 step / 143.5s
Full 진행: acceleration_full_81920 / 8960/81920 step / 147.5s
Full 진행: acceleration_full_81920 / 9216/81920 step / 151.6s
Full 진행: acceleration_full_81920 / 9472/81920 step / 155.9s
Full 진행: acceleration_full_81920 / 9728/81920 step / 160.1s
Full 진행: acceleration_full_81920 / 9984/81920 step / 164.3s
Full 진행: acceleration_full_81920 / 10240/81920 step / 168.5s
Full 진행: acceleration_full_81920 / 10496/81920 step / 172.5s
Full 진행: acceleration_full_81920 / 10752/81920 step / 176.7s
Full 진행: acceleration_full_81920 / 11008/81920 step / 180.9s
Full 진행: acceleration_full_81920 / 11264/81920 step / 185.5s
Full 진행: acceleration_full_81920 / 11520/81920 step / 190.1s
Full 진행: acceleration_full_81920 / 11776/81920 step / 194.8s
Full 진행: acceleration_full_81920 / 12032/81920 step / 199.5s
Full 진행: acceleration_full_81920 / 12288/81920 step / 204.3s
Full 진행: acceleration_full_81920 / 12544/81920 step / 208.9s
Full 진행: acceleration_full_81920 / 12800/81920 step / 213.8s
Full 진행: acceleration_full_81920 / 13056/81920 step / 218.5s
Full 진행: acceleration_full_81920 / 13312/81920 step / 223.3s
Full 진행: acceleration_full_81920 / 13568/81920 step / 227.9s
Full 진행: acceleration_full_81920 / 13824/81920 step / 232.6s
Full 진행: acceleration_full_81920 / 14080/81920 step / 237.4s
Full 진행: acceleration_full_81920 / 14336/81920 step / 242.0s
Full 진행: acceleration_full_81920 / 14592/81920 step / 246.8s
Full 진행: acceleration_full_81920 / 14848/81920 step / 251.4s
Full 진행: acceleration_full_81920 / 15104/81920 step / 256.2s
Full 진행: acceleration_full_81920 / 15360/81920 step / 260.8s
Full 진행: acceleration_full_81920 / 15616/81920 step / 265.5s
Full 진행: acceleration_full_81920 / 15872/81920 step / 270.1s
Full 진행: acceleration_full_81920 / 16128/81920 step / 274.8s
Full 진행: acceleration_full_81920 / 16384/81920 step / 279.5s
Full 진행: acceleration_full_81920 / 16640/81920 step / 284.0s
Full 진행: acceleration_full_81920 / 16896/81920 step / 288.6s
Full 진행: acceleration_full_81920 / 17152/81920 step / 293.2s
Full 진행: acceleration_full_81920 / 17408/81920 step / 297.8s
Full 진행: acceleration_full_81920 / 17664/81920 step / 302.5s
Full 진행: acceleration_full_81920 / 17920/81920 step / 307.0s
Full 진행: acceleration_full_81920 / 18176/81920 step / 311.6s
Full 진행: acceleration_full_81920 / 18432/81920 step / 316.3s
Full 진행: acceleration_full_81920 / 18688/81920 step / 321.0s
Full 진행: acceleration_full_81920 / 18944/81920 step / 325.6s
Full 진행: acceleration_full_81920 / 19200/81920 step / 330.2s
Full 진행: acceleration_full_81920 / 19456/81920 step / 334.7s
Full 진행: acceleration_full_81920 / 19712/81920 step / 339.3s
Full 진행: acceleration_full_81920 / 19968/81920 step / 344.0s
Full 진행: acceleration_full_81920 / 20224/81920 step / 348.6s
Full 진행: acceleration_full_81920 / 20480/81920 step / 353.4s
Full 진행: acceleration_full_81920 / 20736/81920 step / 358.1s
Full 진행: acceleration_full_81920 / 20992/81920 step / 362.9s
Full 진행: acceleration_full_81920 / 21248/81920 step / 367.4s
Full 진행: acceleration_full_81920 / 21504/81920 step / 372.2s
Full 진행: acceleration_full_81920 / 21760/81920 step / 377.0s
Full 진행: acceleration_full_81920 / 22016/81920 step / 381.6s
Full 진행: acceleration_full_81920 / 22272/81920 step / 386.1s
Full 진행: acceleration_full_81920 / 22528/81920 step / 391.1s
Full 진행: acceleration_full_81920 / 22784/81920 step / 395.7s
Full 진행: acceleration_full_81920 / 23040/81920 step / 400.4s
Full 진행: acceleration_full_81920 / 23296/81920 step / 405.1s
Full 진행: acceleration_full_81920 / 23552/81920 step / 409.8s
Full 진행: acceleration_full_81920 / 23808/81920 step / 414.4s
Full 진행: acceleration_full_81920 / 24064/81920 step / 419.1s
Full 진행: acceleration_full_81920 / 24320/81920 step / 423.8s
Full 진행: acceleration_full_81920 / 24576/81920 step / 428.6s
Full 진행: acceleration_full_81920 / 24832/81920 step / 433.2s
Full 진행: acceleration_full_81920 / 25088/81920 step / 437.8s
Full 진행: acceleration_full_81920 / 25344/81920 step / 442.6s
Full 진행: acceleration_full_81920 / 25600/81920 step / 447.3s
Full 진행: acceleration_full_81920 / 25856/81920 step / 452.1s
Full 진행: acceleration_full_81920 / 26112/81920 step / 456.9s
Full 진행: acceleration_full_81920 / 26368/81920 step / 461.6s
Full 진행: acceleration_full_81920 / 26624/81920 step / 466.2s
Full 진행: acceleration_full_81920 / 26880/81920 step / 470.9s
Full 진행: acceleration_full_81920 / 27136/81920 step / 475.5s
Full 진행: acceleration_full_81920 / 27392/81920 step / 480.2s
Full 진행: acceleration_full_81920 / 27648/81920 step / 484.7s
Full 진행: acceleration_full_81920 / 27904/81920 step / 489.5s
Full 진행: acceleration_full_81920 / 28160/81920 step / 494.1s
Full 진행: acceleration_full_81920 / 28416/81920 step / 498.9s
Full 진행: acceleration_full_81920 / 28672/81920 step / 503.5s
Full 진행: acceleration_full_81920 / 28928/81920 step / 508.3s
Full 진행: acceleration_full_81920 / 29184/81920 step / 512.9s
Full 진행: acceleration_full_81920 / 29440/81920 step / 517.5s
Full 진행: acceleration_full_81920 / 29696/81920 step / 522.3s
Full 진행: acceleration_full_81920 / 29952/81920 step / 526.9s
Full 진행: acceleration_full_81920 / 30208/81920 step / 531.7s
Full 진행: acceleration_full_81920 / 30464/81920 step / 536.3s
Full 진행: acceleration_full_81920 / 30720/81920 step / 541.0s
Full 진행: acceleration_full_81920 / 30976/81920 step / 545.6s
Full 진행: acceleration_full_81920 / 31232/81920 step / 550.4s
Full 진행: acceleration_full_81920 / 31488/81920 step / 555.0s
Full 진행: acceleration_full_81920 / 31744/81920 step / 559.8s
Full 진행: acceleration_full_81920 / 32000/81920 step / 564.4s
Full 진행: acceleration_full_81920 / 32256/81920 step / 569.2s
Full 진행: acceleration_full_81920 / 32512/81920 step / 573.8s
Full 진행: acceleration_full_81920 / 32768/81920 step / 578.3s
Full 진행: acceleration_full_81920 / 33024/81920 step / 582.9s
Full 진행: acceleration_full_81920 / 33280/81920 step / 587.4s
Full 진행: acceleration_full_81920 / 33536/81920 step / 592.1s
Full 진행: acceleration_full_81920 / 33792/81920 step / 596.6s
Full 진행: acceleration_full_81920 / 34048/81920 step / 601.3s
Full 진행: acceleration_full_81920 / 34304/81920 step / 605.8s
Full 진행: acceleration_full_81920 / 34560/81920 step / 610.5s
Full 진행: acceleration_full_81920 / 34816/81920 step / 615.1s
Full 진행: acceleration_full_81920 / 35072/81920 step / 619.9s
Full 진행: acceleration_full_81920 / 35328/81920 step / 624.4s
Full 진행: acceleration_full_81920 / 35584/81920 step / 629.3s
Full 진행: acceleration_full_81920 / 35840/81920 step / 633.8s
Full 진행: acceleration_full_81920 / 36096/81920 step / 638.4s
Full 진행: acceleration_full_81920 / 36352/81920 step / 643.1s
Full 진행: acceleration_full_81920 / 36608/81920 step / 647.7s
Full 진행: acceleration_full_81920 / 36864/81920 step / 652.5s
Full 진행: acceleration_full_81920 / 37120/81920 step / 657.1s
Full 진행: acceleration_full_81920 / 37376/81920 step / 662.3s
Full 진행: acceleration_full_81920 / 37632/81920 step / 666.9s
Full 진행: acceleration_full_81920 / 37888/81920 step / 671.7s
Full 진행: acceleration_full_81920 / 38144/81920 step / 676.3s
Full 진행: acceleration_full_81920 / 38400/81920 step / 681.2s
Full 진행: acceleration_full_81920 / 38656/81920 step / 685.9s
Full 진행: acceleration_full_81920 / 38912/81920 step / 690.8s
Full 진행: acceleration_full_81920 / 39168/81920 step / 695.5s
Full 진행: acceleration_full_81920 / 39424/81920 step / 700.1s
Full 진행: acceleration_full_81920 / 39680/81920 step / 704.8s
Full 진행: acceleration_full_81920 / 39936/81920 step / 709.4s
Full 진행: acceleration_full_81920 / 40192/81920 step / 714.2s
Full 진행: acceleration_full_81920 / 40448/81920 step / 718.8s
Full 진행: acceleration_full_81920 / 40704/81920 step / 723.6s
Full 진행: acceleration_full_81920 / 40960/81920 step / 728.1s
Full 진행: acceleration_full_81920 / 41216/81920 step / 732.9s
Full 진행: acceleration_full_81920 / 41472/81920 step / 737.4s
Full 진행: acceleration_full_81920 / 41728/81920 step / 742.1s
Full 진행: acceleration_full_81920 / 41984/81920 step / 746.8s
Full 진행: acceleration_full_81920 / 42240/81920 step / 751.5s
Full 진행: acceleration_full_81920 / 42496/81920 step / 756.1s
Full 진행: acceleration_full_81920 / 42752/81920 step / 760.7s
Full 진행: acceleration_full_81920 / 43008/81920 step / 765.5s
Full 진행: acceleration_full_81920 / 43264/81920 step / 770.1s
Full 진행: acceleration_full_81920 / 43520/81920 step / 774.9s
Full 진행: acceleration_full_81920 / 43776/81920 step / 779.6s
Full 진행: acceleration_full_81920 / 44032/81920 step / 784.2s
Full 진행: acceleration_full_81920 / 44288/81920 step / 788.8s
Full 진행: acceleration_full_81920 / 44544/81920 step / 793.5s
Full 진행: acceleration_full_81920 / 44800/81920 step / 798.2s
Full 진행: acceleration_full_81920 / 45056/81920 step / 803.0s
Full 진행: acceleration_full_81920 / 45312/81920 step / 807.6s
Full 진행: acceleration_full_81920 / 45568/81920 step / 812.4s
Full 진행: acceleration_full_81920 / 45824/81920 step / 817.0s
Full 진행: acceleration_full_81920 / 46080/81920 step / 821.6s
Full 진행: acceleration_full_81920 / 46336/81920 step / 826.4s
Full 진행: acceleration_full_81920 / 46592/81920 step / 830.9s
Full 진행: acceleration_full_81920 / 46848/81920 step / 835.7s
Full 진행: acceleration_full_81920 / 47104/81920 step / 840.3s
Full 진행: acceleration_full_81920 / 47360/81920 step / 845.1s
Full 진행: acceleration_full_81920 / 47616/81920 step / 849.7s
Full 진행: acceleration_full_81920 / 47872/81920 step / 854.4s
Full 진행: acceleration_full_81920 / 48128/81920 step / 859.0s
Full 진행: acceleration_full_81920 / 48384/81920 step / 863.7s
Full 진행: acceleration_full_81920 / 48640/81920 step / 868.3s
Full 진행: acceleration_full_81920 / 48896/81920 step / 873.1s
Full 진행: acceleration_full_81920 / 49152/81920 step / 877.8s
Full 진행: acceleration_full_81920 / 49408/81920 step / 882.6s
Full 진행: acceleration_full_81920 / 49664/81920 step / 887.3s
Full 진행: acceleration_full_81920 / 49920/81920 step / 891.9s
Full 진행: acceleration_full_81920 / 50176/81920 step / 896.6s
Full 진행: acceleration_full_81920 / 50432/81920 step / 901.3s
Full 진행: acceleration_full_81920 / 50688/81920 step / 906.1s
Full 진행: acceleration_full_81920 / 50944/81920 step / 910.8s
Full 진행: acceleration_full_81920 / 51200/81920 step / 915.7s
Full 진행: acceleration_full_81920 / 51456/81920 step / 920.3s
Full 진행: acceleration_full_81920 / 51712/81920 step / 924.9s
Full 진행: acceleration_full_81920 / 51968/81920 step / 929.5s
Full 진행: acceleration_full_81920 / 52224/81920 step / 934.4s
Full 진행: acceleration_full_81920 / 52480/81920 step / 939.0s
Full 진행: acceleration_full_81920 / 52736/81920 step / 943.6s
Full 진행: acceleration_full_81920 / 52992/81920 step / 948.4s
Full 진행: acceleration_full_81920 / 53248/81920 step / 953.1s
Full 진행: acceleration_full_81920 / 53504/81920 step / 957.9s
Full 진행: acceleration_full_81920 / 53760/81920 step / 963.2s
Full 진행: acceleration_full_81920 / 54016/81920 step / 968.4s
Full 진행: acceleration_full_81920 / 54272/81920 step / 973.1s
Full 진행: acceleration_full_81920 / 54528/81920 step / 977.8s
Full 진행: acceleration_full_81920 / 54784/81920 step / 982.4s
Full 진행: acceleration_full_81920 / 55040/81920 step / 987.2s
Full 진행: acceleration_full_81920 / 55296/81920 step / 991.9s
Full 진행: acceleration_full_81920 / 55552/81920 step / 997.0s
Full 진행: acceleration_full_81920 / 55808/81920 step / 1001.9s
Full 진행: acceleration_full_81920 / 56064/81920 step / 1006.6s
Full 진행: acceleration_full_81920 / 56320/81920 step / 1011.5s
Full 진행: acceleration_full_81920 / 56576/81920 step / 1015.8s
Full 진행: acceleration_full_81920 / 56832/81920 step / 1020.2s
Full 진행: acceleration_full_81920 / 57088/81920 step / 1024.5s
Full 진행: acceleration_full_81920 / 57344/81920 step / 1029.0s
Full 진행: acceleration_full_81920 / 57600/81920 step / 1033.4s
Full 진행: acceleration_full_81920 / 57856/81920 step / 1037.9s
Full 진행: acceleration_full_81920 / 58112/81920 step / 1042.2s
Full 진행: acceleration_full_81920 / 58368/81920 step / 1046.4s
Full 진행: acceleration_full_81920 / 58624/81920 step / 1050.7s
Full 진행: acceleration_full_81920 / 58880/81920 step / 1054.9s
Full 진행: acceleration_full_81920 / 59136/81920 step / 1059.2s
Full 진행: acceleration_full_81920 / 59392/81920 step / 1063.3s
Full 진행: acceleration_full_81920 / 59648/81920 step / 1067.5s
Full 진행: acceleration_full_81920 / 59904/81920 step / 1071.6s
Full 진행: acceleration_full_81920 / 60160/81920 step / 1075.8s
Full 진행: acceleration_full_81920 / 60416/81920 step / 1079.8s
Full 진행: acceleration_full_81920 / 60672/81920 step / 1084.3s
Full 진행: acceleration_full_81920 / 60928/81920 step / 1088.7s
Full 진행: acceleration_full_81920 / 61184/81920 step / 1093.3s
Full 진행: acceleration_full_81920 / 61440/81920 step / 1097.9s
Full 진행: acceleration_full_81920 / 61696/81920 step / 1102.4s
Full 진행: acceleration_full_81920 / 61952/81920 step / 1107.0s
Full 진행: acceleration_full_81920 / 62208/81920 step / 1111.4s
Full 진행: acceleration_full_81920 / 62464/81920 step / 1116.0s
Full 진행: acceleration_full_81920 / 62720/81920 step / 1120.8s
Full 진행: acceleration_full_81920 / 62976/81920 step / 1125.5s
Full 진행: acceleration_full_81920 / 63232/81920 step / 1130.2s
Full 진행: acceleration_full_81920 / 63488/81920 step / 1135.1s
Full 진행: acceleration_full_81920 / 63744/81920 step / 1139.8s
Full 진행: acceleration_full_81920 / 64000/81920 step / 1144.5s
Full 진행: acceleration_full_81920 / 64256/81920 step / 1149.3s
Full 진행: acceleration_full_81920 / 64512/81920 step / 1154.2s
Full 진행: acceleration_full_81920 / 64768/81920 step / 1158.8s
Full 진행: acceleration_full_81920 / 65024/81920 step / 1163.6s
Full 진행: acceleration_full_81920 / 65280/81920 step / 1168.2s
Full 진행: acceleration_full_81920 / 65536/81920 step / 1172.9s
Full 진행: acceleration_full_81920 / 65792/81920 step / 1177.6s
Full 진행: acceleration_full_81920 / 66048/81920 step / 1182.2s
Full 진행: acceleration_full_81920 / 66304/81920 step / 1187.1s
Full 진행: acceleration_full_81920 / 66560/81920 step / 1191.7s
Full 진행: acceleration_full_81920 / 66816/81920 step / 1196.4s
Full 진행: acceleration_full_81920 / 67072/81920 step / 1201.0s
Full 진행: acceleration_full_81920 / 67328/81920 step / 1205.8s
Full 진행: acceleration_full_81920 / 67584/81920 step / 1210.5s
Full 진행: acceleration_full_81920 / 67840/81920 step / 1215.3s
Full 진행: acceleration_full_81920 / 68096/81920 step / 1220.0s
Full 진행: acceleration_full_81920 / 68352/81920 step / 1224.9s
Full 진행: acceleration_full_81920 / 68608/81920 step / 1229.5s
Full 진행: acceleration_full_81920 / 68864/81920 step / 1234.4s
Full 진행: acceleration_full_81920 / 69120/81920 step / 1239.1s
Full 진행: acceleration_full_81920 / 69376/81920 step / 1243.9s
Full 진행: acceleration_full_81920 / 69632/81920 step / 1248.6s
Full 진행: acceleration_full_81920 / 69888/81920 step / 1253.2s
Full 진행: acceleration_full_81920 / 70144/81920 step / 1258.2s
Full 진행: acceleration_full_81920 / 70400/81920 step / 1262.8s
Full 진행: acceleration_full_81920 / 70656/81920 step / 1268.0s
Full 진행: acceleration_full_81920 / 70912/81920 step / 1272.7s
Full 진행: acceleration_full_81920 / 71168/81920 step / 1277.6s
Full 진행: acceleration_full_81920 / 71424/81920 step / 1282.3s
Full 진행: acceleration_full_81920 / 71680/81920 step / 1287.0s
Full 진행: acceleration_full_81920 / 71936/81920 step / 1291.7s
Full 진행: acceleration_full_81920 / 72192/81920 step / 1296.6s
Full 진행: acceleration_full_81920 / 72448/81920 step / 1301.4s
Full 진행: acceleration_full_81920 / 72704/81920 step / 1306.2s
Full 진행: acceleration_full_81920 / 72960/81920 step / 1311.0s
Full 진행: acceleration_full_81920 / 73216/81920 step / 1315.7s
Full 진행: acceleration_full_81920 / 73472/81920 step / 1320.4s
Full 진행: acceleration_full_81920 / 73728/81920 step / 1325.1s
Full 진행: acceleration_full_81920 / 73984/81920 step / 1330.0s
Full 진행: acceleration_full_81920 / 74240/81920 step / 1334.7s
Full 진행: acceleration_full_81920 / 74496/81920 step / 1339.6s
Full 진행: acceleration_full_81920 / 74752/81920 step / 1344.3s
Full 진행: acceleration_full_81920 / 75008/81920 step / 1349.1s
Full 진행: acceleration_full_81920 / 75264/81920 step / 1353.9s
Full 진행: acceleration_full_81920 / 75520/81920 step / 1358.8s
Full 진행: acceleration_full_81920 / 75776/81920 step / 1363.3s
Full 진행: acceleration_full_81920 / 76032/81920 step / 1368.0s
Full 진행: acceleration_full_81920 / 76288/81920 step / 1372.8s
Full 진행: acceleration_full_81920 / 76544/81920 step / 1377.4s
Full 진행: acceleration_full_81920 / 76800/81920 step / 1382.2s
Full 진행: acceleration_full_81920 / 77056/81920 step / 1386.8s
Full 진행: acceleration_full_81920 / 77312/81920 step / 1391.7s
Full 진행: acceleration_full_81920 / 77568/81920 step / 1396.3s
Full 진행: acceleration_full_81920 / 77824/81920 step / 1401.0s
Full 진행: acceleration_full_81920 / 78080/81920 step / 1405.7s
Full 진행: acceleration_full_81920 / 78336/81920 step / 1410.5s
Full 진행: acceleration_full_81920 / 78592/81920 step / 1415.2s
Full 진행: acceleration_full_81920 / 78848/81920 step / 1420.1s
Full 진행: acceleration_full_81920 / 79104/81920 step / 1424.7s
Full 진행: acceleration_full_81920 / 79360/81920 step / 1429.4s
Full 진행: acceleration_full_81920 / 79616/81920 step / 1434.2s
Full 진행: acceleration_full_81920 / 79872/81920 step / 1439.0s
Full 진행: acceleration_full_81920 / 80128/81920 step / 1443.9s
Full 진행: acceleration_full_81920 / 80384/81920 step / 1448.5s
Full 진행: acceleration_full_81920 / 80640/81920 step / 1453.3s
Full 진행: acceleration_full_81920 / 80896/81920 step / 1458.0s
Full 진행: acceleration_full_81920 / 81152/81920 step / 1462.9s
Full 진행: acceleration_full_81920 / 81408/81920 step / 1467.4s
Full 진행: acceleration_full_81920 / 81664/81920 step / 1472.2s
Full 진행: acceleration_full_81920 / 81920/81920 step / 1476.8s
사례 보존: acceleration_full_81920 / completed / 81920 step 기록
Full 비교: acceleration_full_81920 / 정규화 속도 차이 0.868281%
진단 종료: solver passed / full passed
물리 수렴: not_assessed / 학습 Teacher 채택: false
